Archive member included to satisfy reference by file (symbol)

/Applications/STM32CubeIDE.app/Contents/Eclipse/plugins/com.st.stm32cube.ide.mcu.externaltools.gnu-tools-for-stm32.13.3.rel1.macos64_1.0.100.202509120712/tools/bin/../lib/gcc/arm-none-eabi/13.3.1/../../../../arm-none-eabi/lib/thumb/v7e-m+fp/hard/libc_nano.a(libc_a-exit.o)
                              /Applications/STM32CubeIDE.app/Contents/Eclipse/plugins/com.st.stm32cube.ide.mcu.externaltools.gnu-tools-for-stm32.13.3.rel1.macos64_1.0.100.202509120712/tools/bin/../lib/gcc/arm-none-eabi/13.3.1/../../../../arm-none-eabi/lib/thumb/v7e-m+fp/hard/crt0.o (exit)
/Applications/STM32CubeIDE.app/Contents/Eclipse/plugins/com.st.stm32cube.ide.mcu.externaltools.gnu-tools-for-stm32.13.3.rel1.macos64_1.0.100.202509120712/tools/bin/../lib/gcc/arm-none-eabi/13.3.1/../../../../arm-none-eabi/lib/thumb/v7e-m+fp/hard/libc_nano.a(libc_a-findfp.o)
                              /Applications/STM32CubeIDE.app/Contents/Eclipse/plugins/com.st.stm32cube.ide.mcu.externaltools.gnu-tools-for-stm32.13.3.rel1.macos64_1.0.100.202509120712/tools/bin/../lib/gcc/arm-none-eabi/13.3.1/../../../../arm-none-eabi/lib/thumb/v7e-m+fp/hard/libc_nano.a(libc_a-exit.o) (__stdio_exit_handler)
/Applications/STM32CubeIDE.app/Contents/Eclipse/plugins/com.st.stm32cube.ide.mcu.externaltools.gnu-tools-for-stm32.13.3.rel1.macos64_1.0.100.202509120712/tools/bin/../lib/gcc/arm-none-eabi/13.3.1/../../../../arm-none-eabi/lib/thumb/v7e-m+fp/hard/libc_nano.a(libc_a-fwalk.o)
                              /Applications/STM32CubeIDE.app/Contents/Eclipse/plugins/com.st.stm32cube.ide.mcu.externaltools.gnu-tools-for-stm32.13.3.rel1.macos64_1.0.100.202509120712/tools/bin/../lib/gcc/arm-none-eabi/13.3.1/../../../../arm-none-eabi/lib/thumb/v7e-m+fp/hard/libc_nano.a(libc_a-findfp.o) (_fwalk_sglue)
/Applications/STM32CubeIDE.app/Contents/Eclipse/plugins/com.st.stm32cube.ide.mcu.externaltools.gnu-tools-for-stm32.13.3.rel1.macos64_1.0.100.202509120712/tools/bin/../lib/gcc/arm-none-eabi/13.3.1/../../../../arm-none-eabi/lib/thumb/v7e-m+fp/hard/libc_nano.a(libc_a-printf.o)
                              ./Core/Src/main.o (printf)
/Applications/STM32CubeIDE.app/Contents/Eclipse/plugins/com.st.stm32cube.ide.mcu.externaltools.gnu-tools-for-stm32.13.3.rel1.macos64_1.0.100.202509120712/tools/bin/../lib/gcc/arm-none-eabi/13.3.1/../../../../arm-none-eabi/lib/thumb/v7e-m+fp/hard/libc_nano.a(libc_a-puts.o)
                              ./Core/Src/main.o (puts)
/Applications/STM32CubeIDE.app/Contents/Eclipse/plugins/com.st.stm32cube.ide.mcu.externaltools.gnu-tools-for-stm32.13.3.rel1.macos64_1.0.100.202509120712/tools/bin/../lib/gcc/arm-none-eabi/13.3.1/../../../../arm-none-eabi/lib/thumb/v7e-m+fp/hard/libc_nano.a(libc_a-memset.o)
                              /Applications/STM32CubeIDE.app/Contents/Eclipse/plugins/com.st.stm32cube.ide.mcu.externaltools.gnu-tools-for-stm32.13.3.rel1.macos64_1.0.100.202509120712/tools/bin/../lib/gcc/arm-none-eabi/13.3.1/../../../../arm-none-eabi/lib/thumb/v7e-m+fp/hard/crt0.o (memset)
/Applications/STM32CubeIDE.app/Contents/Eclipse/plugins/com.st.stm32cube.ide.mcu.externaltools.gnu-tools-for-stm32.13.3.rel1.macos64_1.0.100.202509120712/tools/bin/../lib/gcc/arm-none-eabi/13.3.1/../../../../arm-none-eabi/lib/thumb/v7e-m+fp/hard/libc_nano.a(libc_a-errno.o)
                              ./Core/Src/syscalls.o (__errno)
/Applications/STM32CubeIDE.app/Contents/Eclipse/plugins/com.st.stm32cube.ide.mcu.externaltools.gnu-tools-for-stm32.13.3.rel1.macos64_1.0.100.202509120712/tools/bin/../lib/gcc/arm-none-eabi/13.3.1/../../../../arm-none-eabi/lib/thumb/v7e-m+fp/hard/libc_nano.a(libc_a-init.o)
                              /Applications/STM32CubeIDE.app/Contents/Eclipse/plugins/com.st.stm32cube.ide.mcu.externaltools.gnu-tools-for-stm32.13.3.rel1.macos64_1.0.100.202509120712/tools/bin/../lib/gcc/arm-none-eabi/13.3.1/../../../../arm-none-eabi/lib/thumb/v7e-m+fp/hard/crt0.o (__libc_init_array)
/Applications/STM32CubeIDE.app/Contents/Eclipse/plugins/com.st.stm32cube.ide.mcu.externaltools.gnu-tools-for-stm32.13.3.rel1.macos64_1.0.100.202509120712/tools/bin/../lib/gcc/arm-none-eabi/13.3.1/../../../../arm-none-eabi/lib/thumb/v7e-m+fp/hard/libc_nano.a(libc_a-lock.o)
                              /Applications/STM32CubeIDE.app/Contents/Eclipse/plugins/com.st.stm32cube.ide.mcu.externaltools.gnu-tools-for-stm32.13.3.rel1.macos64_1.0.100.202509120712/tools/bin/../lib/gcc/arm-none-eabi/13.3.1/../../../../arm-none-eabi/lib/thumb/v7e-m+fp/hard/libc_nano.a(libc_a-findfp.o) (__retarget_lock_init_recursive)
/Applications/STM32CubeIDE.app/Contents/Eclipse/plugins/com.st.stm32cube.ide.mcu.externaltools.gnu-tools-for-stm32.13.3.rel1.macos64_1.0.100.202509120712/tools/bin/../lib/gcc/arm-none-eabi/13.3.1/../../../../arm-none-eabi/lib/thumb/v7e-m+fp/hard/libc_nano.a(libc_a-impure.o)
[...]
Memory Configuration

Name             Origin             Length             Attributes
RAM              0x20000000         0x00020000         xrw
FLASH            0x08000000         0x00080000         xr
*default*        0x00000000         0xffffffff

Linker script and memory map

LOAD /Applications/STM32CubeIDE.app/Contents/Eclipse/plugins/com.st.stm32cube.ide.mcu.externaltools.gnu-tools-for-stm32.13.3.rel1.macos64_1.0.100.202509120712/tools/bin/../lib/gcc/arm-none-eabi/13.3.1/thumb/v7e-m+fp/hard/crti.o
LOAD /Applications/STM32CubeIDE.app/Contents/Eclipse/plugins/com.st.stm32cube.ide.mcu.externaltools.gnu-tools-for-stm32.13.3.rel1.macos64_1.0.100.202509120712/tools/bin/../lib/gcc/arm-none-eabi/13.3.1/thumb/v7e-m+fp/hard/crtbegin.o
LOAD /Applications/STM32CubeIDE.app/Contents/Eclipse/plugins/com.st.stm32cube.ide.mcu.externaltools.gnu-tools-for-stm32.13.3.rel1.macos64_1.0.100.202509120712/tools/bin/../lib/gcc/arm-none-eabi/13.3.1/../../../../arm-none-eabi/lib/thumb/v7e-m+fp/hard/crt0.o
LOAD ./Core/Src/elevator.o
LOAD ./Core/Src/gpio.o
LOAD ./Core/Src/led.o
LOAD ./Core/Src/main.o
LOAD ./Core/Src/segment.o
LOAD ./Core/Src/stepper_t.o
LOAD ./Core/Src/stm32f4xx_hal_msp.o
LOAD ./Core/Src/stm32f4xx_it.o
LOAD ./Core/Src/syscalls.o
LOAD ./Core/Src/sysmem.o
LOAD ./Core/Src/system_stm32f4xx.o
LOAD ./Core/Src/tim.o
LOAD ./Core/Src/usart.o
LOAD ./Core/Startup/startup_stm32f411retx.o
LOAD ./Drivers/STM32F4xx_HAL_Driver/Src/stm32f4xx_hal.o
LOAD ./Drivers/STM32F4xx_HAL_Driver/Src/stm32f4xx_hal_cortex.o
LOAD ./Drivers/STM32F4xx_HAL_Driver/Src/stm32f4xx_hal_dma.o
LOAD ./Drivers/STM32F4xx_HAL_Driver/Src/stm32f4xx_hal_dma_ex.o
LOAD ./Drivers/STM32F4xx_HAL_Driver/Src/stm32f4xx_hal_exti.o
LOAD ./Drivers/STM32F4xx_HAL_Driver/Src/stm32f4xx_hal_flash.o
LOAD ./Drivers/STM32F4xx_HAL_Driver/Src/stm32f4xx_hal_flash_ex.o
LOAD ./Drivers/STM32F4xx_HAL_Driver/Src/stm32f4xx_hal_flash_ramfunc.o
LOAD ./Drivers/STM32F4xx_HAL_Driver/Src/stm32f4xx_hal_gpio.o
LOAD ./Drivers/STM32F4xx_HAL_Driver/Src/stm32f4xx_hal_pwr.o
LOAD ./Drivers/STM32F4xx_HAL_Driver/Src/stm32f4xx_hal_pwr_ex.o
LOAD ./Drivers/STM32F4xx_HAL_Driver/Src/stm32f4xx_hal_rcc.o
LOAD ./Drivers/STM32F4xx_HAL_Driver/Src/stm32f4xx_hal_rcc_ex.o
LOAD ./Drivers/STM32F4xx_HAL_Driver/Src/stm32f4xx_hal_tim.o
LOAD ./Drivers/STM32F4xx_HAL_Driver/Src/stm32f4xx_hal_tim_ex.o
LOAD ./Drivers/STM32F4xx_HAL_Driver/Src/stm32f4xx_hal_uart.o
START GROUP
LOAD /Applications/STM32CubeIDE.app/Contents/Eclipse/plugins/com.st.stm32cube.ide.mcu.externaltools.gnu-tools-for-stm32.13.3.rel1.macos64_1.0.100.202509120712/tools/bin/../lib/gcc/arm-none-eabi/13.3.1/../../../../arm-none-eabi/lib/thumb/v7e-m+fp/hard/libc_nano.a
LOAD /Applications/STM32CubeIDE.app/Contents/Eclipse/plugins/com.st.stm32cube.ide.mcu.externaltools.gnu-tools-for-stm32.13.3.rel1.macos64_1.0.100.202509120712/tools/bin/../lib/gcc/arm-none-eabi/13.3.1/../../../../arm-none-eabi/lib/thumb/v7e-m+fp/hard/libm.a
END GROUP
START GROUP
LOAD /Applications/STM32CubeIDE.app/Contents/Eclipse/plugins/com.st.stm32cube.ide.mcu.externaltools.gnu-tools-for-stm32.13.3.rel1.macos64_1.0.100.202509120712/tools/bin/../lib/gcc/arm-none-eabi/13.3.1/thumb/v7e-m+fp/hard/libgcc.a
LOAD /Applications/STM32CubeIDE.app/Contents/Eclipse/plugins/com.st.stm32cube.ide.mcu.externaltools.gnu-tools-for-stm32.13.3.rel1.macos64_1.0.100.202509120712/tools/bin/../lib/gcc/arm-none-eabi/13.3.1/../../../../arm-none-eabi/lib/thumb/v7e-m+fp/hard/libc_nano.a
END GROUP
START GROUP
LOAD /Applications/STM32CubeIDE.app/Contents/Eclipse/plugins/com.st.stm32cube.ide.mcu.externaltools.gnu-tools-for-stm32.13.3.rel1.macos64_1.0.100.202509120712/tools/bin/../lib/gcc/arm-none-eabi/13.3.1/thumb/v7e-m+fp/hard/libgcc.a
LOAD /Applications/STM32CubeIDE.app/Contents/Eclipse/plugins/com.st.stm32cube.ide.mcu.externaltools.gnu-tools-for-stm32.13.3.rel1.macos64_1.0.100.202509120712/tools/bin/../lib/gcc/arm-none-eabi/13.3.1/../../../../arm-none-eabi/lib/thumb/v7e-m+fp/hard/libc_nano.a
LOAD /Applications/STM32CubeIDE.app/Contents/Eclipse/plugins/com.st.stm32cube.ide.mcu.externaltools.gnu-tools-for-stm32.13.3.rel1.macos64_1.0.100.202509120712/tools/bin/../lib/gcc/arm-none-eabi/13.3.1/../../../../arm-none-eabi/lib/thumb/v7e-m+fp/hard/libnosys.a
END GROUP
START GROUP
LOAD /Applications/STM32CubeIDE.app/Contents/Eclipse/plugins/com.st.stm32cube.ide.mcu.externaltools.gnu-tools-for-stm32.13.3.rel1.macos64_1.0.100.202509120712/tools/bin/../lib/gcc/arm-none-eabi/13.3.1/thumb/v7e-m+fp/hard/libgcc.a
LOAD /Applications/STM32CubeIDE.app/Contents/Eclipse/plugins/com.st.stm32cube.ide.mcu.externaltools.gnu-tools-for-stm32.13.3.rel1.macos64_1.0.100.202509120712/tools/bin/../lib/gcc/arm-none-eabi/13.3.1/../../../../arm-none-eabi/lib/thumb/v7e-m+fp/hard/libc_nano.a
LOAD /Applications/STM32CubeIDE.app/Contents/Eclipse/plugins/com.st.stm32cube.ide.mcu.externaltools.gnu-tools-for-stm32.13.3.rel1.macos64_1.0.100.202509120712/tools/bin/../lib/gcc/arm-none-eabi/13.3.1/../../../../arm-none-eabi/lib/thumb/v7e-m+fp/hard/libnosys.a
END GROUP
LOAD /Applications/STM32CubeIDE.app/Contents/Eclipse/plugins/com.st.stm32cube.ide.mcu.externaltools.gnu-tools-for-stm32.13.3.rel1.macos64_1.0.100.202509120712/tools/bin/../lib/gcc/arm-none-eabi/13.3.1/thumb/v7e-m+fp/hard/crtend.o
LOAD /Applications/STM32CubeIDE.app/Contents/Eclipse/plugins/com.st.stm32cube.ide.mcu.externaltools.gnu-tools-for-stm32.13.3.rel1.macos64_1.0.100.202509120712/tools/bin/../lib/gcc/arm-none-eabi/13.3.1/thumb/v7e-m+fp/hard/crtn.o
                0x20020000                        _estack = (ORIGIN (RAM) + LENGTH (RAM))
                0x00000200                        _Min_Heap_Size = 0x200
                0x00000400                        _Min_Stack_Size = 0x400

.isr_vector     0x08000000      0x198
                0x08000000                        . = ALIGN (0x4)
 *(.isr_vector)
 .isr_vector    0x08000000      0x198 ./Core/Startup/startup_stm32f411retx.o
                0x08000000                g_pfnVectors
                0x08000198                        . = ALIGN (0x4)

.text           0x080001a0     0x5e68
                0x080001a0                        . = ALIGN (0x4)
 *(.text)
 .text          0x080001a0       0x40 /Applications/STM32CubeIDE.app/Contents/Eclipse/plugins/com.st.stm32cube.ide.mcu.externaltools.gnu-tools-for-stm32.13.3.rel1.macos64_1.0.100.202509120712/tools/bin/../lib/gcc/arm-none-eabi/13.3.1/thumb/v7e-m+fp/hard/crtbegin.o
 .text          0x080001e0       0xa0 /Applications/STM32CubeIDE.app/Contents/Eclipse/plugins/com.st.stm32cube.ide.mcu.externaltools.gnu-tools-for-stm32.13.3.rel1.macos64_1.0.100.202509120712/tools/bin/../lib/gcc/arm-none-eabi/13.3.1/../../../../arm-none-eabi/lib/thumb/v7e-m+fp/hard/libc_nano.a(libc_a-memchr.o)
                0x080001e0                memchr
 .text          0x08000280       0x30 /Applications/STM32CubeIDE.app/Contents/Eclipse/plugins/com.st.stm32cube.ide.mcu.externaltools.gnu-tools-for-stm32.13.3.rel1.macos64_1.0.100.202509120712/tools/bin/../lib/gcc/arm-none-eabi/13.3.1/thumb/v7e-m+fp/hard/libgcc.a(_aeabi_uldivmod.o)
                0x08000280                __aeabi_uldivmod
 .text          0x080002b0      0x2f8 /Applications/STM32CubeIDE.app/Contents/Eclipse/plugins/com.st.stm32cube.ide.mcu.externaltools.gnu-tools-for-stm32.13.3.rel1.macos64_1.0.100.202509120712/tools/bin/../lib/gcc/arm-none-eabi/13.3.1/thumb/v7e-m+fp/hard/libgcc.a(_udivmoddi4.o)
                0x080002b0                __udivmoddi4
 .text          0x080005a8        0x4 /Applications/STM32CubeIDE.app/Contents/Eclipse/plugins/com.st.stm32cube.ide.mcu.externaltools.gnu-tools-for-stm32.13.3.rel1.macos64_1.0.100.202509120712/tools/bin/../lib/gcc/arm-none-eabi/13.3.1/thumb/v7e-m+fp/hard/libgcc.a(_dvmd_tls.o)
                0x080005a8                __aeabi_ldiv0
                0x080005a8                __aeabi_idiv0
 *(.text*)
 .text.btn_tPressed
                0x080005ac       0xb8 ./Core/Src/elevator.o
                0x080005ac                btn_tPressed
 .text.btnCheck
                0x08000664       0x44 ./Core/Src/elevator.o
                0x08000664                btnCheck
 .text.elvinit  0x080006a8       0xe0 ./Core/Src/elevator.o
                0x080006a8                elvinit
 .text.res      0x08000788      0x190 ./Core/Src/elevator.o
                0x08000788                res
 .text.Do       0x08000918      0x1c6 ./Core/Src/elevator.o
                0x08000918                Do
 .text.MT       0x08000ade       0x50 ./Core/Src/elevator.o
                0x08000ade                MT
 .text.preGoal  0x08000b2e       0xbe ./Core/Src/elevator.o
                0x08000b2e                preGoal
 .text.ABSGoing
                0x08000bec       0x70 ./Core/Src/elevator.o
                0x08000bec                ABSGoing
 .text.Goal     0x08000c5c       0xa8 ./Core/Src/elevator.o
                0x08000c5c                Goal
 .text.Going    0x08000d04       0x9c ./Core/Src/elevator.o
                0x08000d04                Going
 .text.Open     0x08000da0      0x100 ./Core/Src/elevator.o
                0x08000da0                Open
 .text.MX_GPIO_Init
                0x08000ea0      0x218 ./Core/Src/gpio.o
                0x08000ea0                MX_GPIO_Init
 .text.ledOn    0x080010b8       0x50 ./Core/Src/led.o
                0x080010b8                ledOn
 .text.ledOff   0x08001108       0x50 ./Core/Src/led.o
                0x08001108                ledOff
 .text.ledLeftShift_Start
                0x08001158       0x34 ./Core/Src/led.o
                0x08001158                ledLeftShift_Start
 .text.ledLeftShift_Task
                0x0800118c       0x74 ./Core/Src/led.o
                0x0800118c                ledLeftShift_Task
 .text.ledRightShift_Task
                0x08001200       0x70 ./Core/Src/led.o
                0x08001200                ledRightShift_Task
 .text._write   0x08001270       0x28 ./Core/Src/main.o
                0x08001270                _write
 .text.HAL_TIM_PeriodElapsedCallback
                0x08001298       0x28 ./Core/Src/main.o
                0x08001298                HAL_TIM_PeriodElapsedCallback
 .text.main     0x080012c0       0xfc ./Core/Src/main.o
                0x080012c0                main
 .text.SystemClock_Config
                0x080013bc       0xd0 ./Core/Src/main.o
                0x080013bc                SystemClock_Config
 .text.DEBUG_ElevatorStatus
                0x0800148c      0x178 ./Core/Src/main.o
                0x0800148c                DEBUG_ElevatorStatus
 .text.HAL_GPIO_EXTI_Callback
                0x08001604       0x5c ./Core/Src/main.o
                0x08001604                HAL_GPIO_EXTI_Callback
 .text.Error_Handler
                0x08001660        0xc ./Core/Src/main.o
                0x08001660                Error_Handler
 .text.segmentDisplay
                0x0800166c       0xd0 ./Core/Src/segment.o
                0x0800166c                segmentDisplay
 .text.Stepper_SetSpeed
                0x0800173c       0x64 ./Core/Src/stepper_t.o
 .text.Stepper_Init
                0x080017a0       0x34 ./Core/Src/stepper_t.o
                0x080017a0                Stepper_Init
 .text.Stepper_Start
                0x080017d4       0x74 ./Core/Src/stepper_t.o
                0x080017d4                Stepper_Start
 .text.Stepper_Task
                0x08001848       0x56 ./Core/Src/stepper_t.o
                0x08001848                Stepper_Task
 *fill*         0x0800189e        0x2 
 .text.Stepper_ISR
                0x080018a0       0xdc ./Core/Src/stepper_t.o
                0x080018a0                Stepper_ISR
 .text.HAL_MspInit
                0x0800197c       0x50 ./Core/Src/stm32f4xx_hal_msp.o
                0x0800197c                HAL_MspInit
 .text.NMI_Handler
                0x080019cc        0x8 ./Core/Src/stm32f4xx_it.o
                0x080019cc                NMI_Handler
 .text.HardFault_Handler
                0x080019d4        0x8 ./Core/Src/stm32f4xx_it.o
                0x080019d4                HardFault_Handler
 .text.MemManage_Handler
                0x080019dc        0x8 ./Core/Src/stm32f4xx_it.o
                0x080019dc                MemManage_Handler
 .text.BusFault_Handler
                0x080019e4        0x8 ./Core/Src/stm32f4xx_it.o
                0x080019e4                BusFault_Handler
 .text.UsageFault_Handler
                0x080019ec        0x8 ./Core/Src/stm32f4xx_it.o
                0x080019ec                UsageFault_Handler
 .text.SVC_Handler
                0x080019f4        0xe ./Core/Src/stm32f4xx_it.o
                0x080019f4                SVC_Handler
 .text.DebugMon_Handler
                0x08001a02        0xe ./Core/Src/stm32f4xx_it.o
                0x08001a02                DebugMon_Handler
 .text.PendSV_Handler
                0x08001a10        0xe ./Core/Src/stm32f4xx_it.o
                0x08001a10                PendSV_Handler
 .text.SysTick_Handler
                0x08001a1e        0xc ./Core/Src/stm32f4xx_it.o
                0x08001a1e                SysTick_Handler
 .text.EXTI0_IRQHandler
                0x08001a2a        0xe ./Core/Src/stm32f4xx_it.o
                0x08001a2a                EXTI0_IRQHandler
 .text.EXTI1_IRQHandler
                0x08001a38        0xe ./Core/Src/stm32f4xx_it.o
                0x08001a38                EXTI1_IRQHandler
 .text.EXTI4_IRQHandler
                0x08001a46        0xe ./Core/Src/stm32f4xx_it.o
                0x08001a46                EXTI4_IRQHandler
 .text.EXTI9_5_IRQHandler
                0x08001a54       0x10 ./Core/Src/stm32f4xx_it.o
                0x08001a54                EXTI9_5_IRQHandler
 .text.TIM1_UP_TIM10_IRQHandler
                0x08001a64       0x14 ./Core/Src/stm32f4xx_it.o
                0x08001a64                TIM1_UP_TIM10_IRQHandler
 .text.TIM3_IRQHandler
                0x08001a78       0x14 ./Core/Src/stm32f4xx_it.o
                0x08001a78                TIM3_IRQHandler
 .text.USART2_IRQHandler
                0x08001a8c       0x14 ./Core/Src/stm32f4xx_it.o
                0x08001a8c                USART2_IRQHandler
 .text._read    0x08001aa0       0x3a ./Core/Src/syscalls.o
                0x08001aa0                _read
 .text._close   0x08001ada       0x18 ./Core/Src/syscalls.o
                0x08001ada                _close
 .text._fstat   0x08001af2       0x20 ./Core/Src/syscalls.o
                0x08001af2                _fstat
 .text._isatty  0x08001b12       0x16 ./Core/Src/syscalls.o
                0x08001b12                _isatty
 .text._lseek   0x08001b28       0x1a ./Core/Src/syscalls.o
                0x08001b28                _lseek
 *fill*         0x08001b42        0x2 
 .text._sbrk    0x08001b44       0x6c ./Core/Src/sysmem.o
                0x08001b44                _sbrk
 .text.SystemInit
                0x08001bb0       0x24 ./Core/Src/system_stm32f4xx.o
                0x08001bb0                SystemInit
 .text.MX_TIM3_Init
                0x08001bd4       0xe0 ./Core/Src/tim.o
                0x08001bd4                MX_TIM3_Init
 .text.MX_TIM10_Init
                0x08001cb4       0x48 ./Core/Src/tim.o
                0x08001cb4                MX_TIM10_Init
 .text.MX_TIM11_Init
                0x08001cfc       0x48 ./Core/Src/tim.o
                0x08001cfc                MX_TIM11_Init
 .text.HAL_TIM_Base_MspInit
                0x08001d44      0x108 ./Core/Src/tim.o
                0x08001d44                HAL_TIM_Base_MspInit
 .text.MX_USART2_UART_Init
                0x08001e4c       0x54 ./Core/Src/usart.o
                0x08001e4c                MX_USART2_UART_Init
 .text.HAL_UART_MspInit
                0x08001ea0       0xa0 ./Core/Src/usart.o
                0x08001ea0                HAL_UART_MspInit
 .text.Reset_Handler
                0x08001f40       0x50 ./Core/Startup/startup_stm32f411retx.o
                0x08001f40                Reset_Handler
 .text.Default_Handler
                0x08001f90        0x2 ./Core/Startup/startup_stm32f411retx.o
                0x08001f90                DMA1_Stream3_IRQHandler
                0x08001f90                EXTI2_IRQHandler
                0x08001f90                SPI4_IRQHandler
                0x08001f90                TIM1_CC_IRQHandler
                0x08001f90                DMA2_Stream5_IRQHandler
                0x08001f90                DMA1_Stream5_IRQHandler
                0x08001f90                PVD_IRQHandler
                0x08001f90                SDIO_IRQHandler
                0x08001f90                TAMP_STAMP_IRQHandler
                0x08001f90                EXTI3_IRQHandler
                0x08001f90                I2C3_ER_IRQHandler
                0x08001f90                I2C2_EV_IRQHandler
                0x08001f90                DMA1_Stream2_IRQHandler
                0x08001f90                FPU_IRQHandler
                0x08001f90                DMA2_Stream2_IRQHandler
                0x08001f90                SPI1_IRQHandler
                0x08001f90                TIM1_BRK_TIM9_IRQHandler
                0x08001f90                DMA2_Stream3_IRQHandler
                0x08001f90                USART6_IRQHandler
                0x08001f90                DMA2_Stream0_IRQHandler
                0x08001f90                TIM4_IRQHandler
                0x08001f90                I2C1_EV_IRQHandler
                0x08001f90                DMA1_Stream6_IRQHandler
                0x08001f90                DMA1_Stream1_IRQHandler
                0x08001f90                RCC_IRQHandler
                0x08001f90                Default_Handler
                0x08001f90                EXTI15_10_IRQHandler
                0x08001f90                ADC_IRQHandler
                0x08001f90                DMA1_Stream7_IRQHandler
                0x08001f90                SPI5_IRQHandler
                0x08001f90                TIM5_IRQHandler
                0x08001f90                DMA2_Stream7_IRQHandler
                0x08001f90                I2C3_EV_IRQHandler
                0x08001f90                RTC_WKUP_IRQHandler
                0x08001f90                SPI2_IRQHandler
                0x08001f90                DMA1_Stream0_IRQHandler
                0x08001f90                WWDG_IRQHandler
                0x08001f90                TIM2_IRQHandler
                0x08001f90                OTG_FS_WKUP_IRQHandler
                0x08001f90                TIM1_TRG_COM_TIM11_IRQHandler
                0x08001f90                I2C2_ER_IRQHandler
                0x08001f90                DMA2_Stream1_IRQHandler
                0x08001f90                FLASH_IRQHandler
                0x08001f90                DMA2_Stream4_IRQHandler
                0x08001f90                USART1_IRQHandler
                0x08001f90                OTG_FS_IRQHandler
                0x08001f90                SPI3_IRQHandler
                0x08001f90                DMA1_Stream4_IRQHandler
                0x08001f90                I2C1_ER_IRQHandler
                0x08001f90                DMA2_Stream6_IRQHandler
                0x08001f90                RTC_Alarm_IRQHandler
 *fill*         0x08001f92        0x2 
 .text.HAL_Init
                0x08001f94       0x44 ./Drivers/STM32F4xx_HAL_Driver/Src/stm32f4xx_hal.o
                0x08001f94                HAL_Init
 .text.HAL_InitTick
                0x08001fd8       0x60 ./Drivers/STM32F4xx_HAL_Driver/Src/stm32f4xx_hal.o
                0x08001fd8                HAL_InitTick
 .text.HAL_IncTick
                0x08002038       0x28 ./Drivers/STM32F4xx_HAL_Driver/Src/stm32f4xx_hal.o
                0x08002038                HAL_IncTick
 .text.HAL_GetTick
                0x08002060       0x18 ./Drivers/STM32F4xx_HAL_Driver/Src/stm32f4xx_hal.o
                0x08002060                HAL_GetTick
 .text.__NVIC_SetPriorityGrouping
                0x08002078       0x48 ./Drivers/STM32F4xx_HAL_Driver/Src/stm32f4xx_hal_cortex.o
 .text.__NVIC_GetPriorityGrouping
                0x080020c0       0x1c ./Drivers/STM32F4xx_HAL_Driver/Src/stm32f4xx_hal_cortex.o
 .text.__NVIC_EnableIRQ
                0x080020dc       0x3c ./Drivers/STM32F4xx_HAL_Driver/Src/stm32f4xx_hal_cortex.o
 .text.__NVIC_SetPriority
                0x08002118       0x54 ./Drivers/STM32F4xx_HAL_Driver/Src/stm32f4xx_hal_cortex.o
 .text.NVIC_EncodePriority
                0x0800216c       0x66 ./Drivers/STM32F4xx_HAL_Driver/Src/stm32f4xx_hal_cortex.o
 *fill*         0x080021d2        0x2 
 .text.SysTick_Config
                0x080021d4       0x44 ./Drivers/STM32F4xx_HAL_Driver/Src/stm32f4xx_hal_cortex.o
 .text.HAL_NVIC_SetPriorityGrouping
                0x08002218       0x16 ./Drivers/STM32F4xx_HAL_Driver/Src/stm32f4xx_hal_cortex.o
                0x08002218                HAL_NVIC_SetPriorityGrouping
 .text.HAL_NVIC_SetPriority
                0x0800222e       0x38 ./Drivers/STM32F4xx_HAL_Driver/Src/stm32f4xx_hal_cortex.o
                0x0800222e                HAL_NVIC_SetPriority
 .text.HAL_NVIC_EnableIRQ
                0x08002266       0x1c ./Drivers/STM32F4xx_HAL_Driver/Src/stm32f4xx_hal_cortex.o
                0x08002266                HAL_NVIC_EnableIRQ
 .text.HAL_SYSTICK_Config
                0x08002282       0x18 ./Drivers/STM32F4xx_HAL_Driver/Src/stm32f4xx_hal_cortex.o
                0x08002282                HAL_SYSTICK_Config
 .text.HAL_DMA_Abort
                0x0800229a       0xe0 ./Drivers/STM32F4xx_HAL_Driver/Src/stm32f4xx_hal_dma.o
                0x0800229a                HAL_DMA_Abort
 .text.HAL_DMA_Abort_IT
                0x0800237a       0x44 ./Drivers/STM32F4xx_HAL_Driver/Src/stm32f4xx_hal_dma.o
                0x0800237a                HAL_DMA_Abort_IT
 *fill*         0x080023be        0x2 
 .text.HAL_GPIO_Init
                0x080023c0      0x308 ./Drivers/STM32F4xx_HAL_Driver/Src/stm32f4xx_hal_gpio.o
                0x080023c0                HAL_GPIO_Init
 .text.HAL_GPIO_ReadPin
                0x080026c8       0x30 ./Drivers/STM32F4xx_HAL_Driver/Src/stm32f4xx_hal_gpio.o
                0x080026c8                HAL_GPIO_ReadPin
 .text.HAL_GPIO_WritePin
                0x080026f8       0x32 ./Drivers/STM32F4xx_HAL_Driver/Src/stm32f4xx_hal_gpio.o
                0x080026f8                HAL_GPIO_WritePin
 *fill*         0x0800272a        0x2 
 .text.HAL_GPIO_EXTI_IRQHandler
                0x0800272c       0x30 ./Drivers/STM32F4xx_HAL_Driver/Src/stm32f4xx_hal_gpio.o
                0x0800272c                HAL_GPIO_EXTI_IRQHandler
 .text.HAL_RCC_OscConfig
                0x0800275c      0x4f0 ./Drivers/STM32F4xx_HAL_Driver/Src/stm32f4xx_hal_rcc.o
                0x0800275c                HAL_RCC_OscConfig
 .text.HAL_RCC_ClockConfig
                0x08002c4c      0x1cc ./Drivers/STM32F4xx_HAL_Driver/Src/stm32f4xx_hal_rcc.o
                0x08002c4c                HAL_RCC_ClockConfig
 .text.HAL_RCC_GetSysClockFreq
                0x08002e18      0x20c ./Drivers/STM32F4xx_HAL_Driver/Src/stm32f4xx_hal_rcc.o
                0x08002e18                HAL_RCC_GetSysClockFreq
 .text.HAL_RCC_GetHCLKFreq
                0x08003024       0x18 ./Drivers/STM32F4xx_HAL_Driver/Src/stm32f4xx_hal_rcc.o
                0x08003024                HAL_RCC_GetHCLKFreq
 .text.HAL_RCC_GetPCLK1Freq
                0x0800303c       0x28 ./Drivers/STM32F4xx_HAL_Driver/Src/stm32f4xx_hal_rcc.o
                0x0800303c                HAL_RCC_GetPCLK1Freq
 .text.HAL_RCC_GetPCLK2Freq
                0x08003064       0x28 ./Drivers/STM32F4xx_HAL_Driver/Src/stm32f4xx_hal_rcc.o
                0x08003064                HAL_RCC_GetPCLK2Freq
 .text.HAL_TIM_Base_Init
                0x0800308c       0x9e ./Drivers/STM32F4xx_HAL_Driver/Src/stm32f4xx_hal_tim.o
                0x0800308c                HAL_TIM_Base_Init
 *fill*         0x0800312a        0x2 
 .text.HAL_TIM_Base_Start
                0x0800312c       0xb4 ./Drivers/STM32F4xx_HAL_Driver/Src/stm32f4xx_hal_tim.o
                0x0800312c                HAL_TIM_Base_Start
 .text.HAL_TIM_Base_Start_IT
                0x080031e0       0xc4 ./Drivers/STM32F4xx_HAL_Driver/Src/stm32f4xx_hal_tim.o
                0x080031e0                HAL_TIM_Base_Start_IT
 .text.HAL_TIM_Base_Stop_IT
                0x080032a4       0x5e ./Drivers/STM32F4xx_HAL_Driver/Src/stm32f4xx_hal_tim.o
                0x080032a4                HAL_TIM_Base_Stop_IT
 .text.HAL_TIM_IC_Init
                0x08003302       0x9e ./Drivers/STM32F4xx_HAL_Driver/Src/stm32f4xx_hal_tim.o
                0x08003302                HAL_TIM_IC_Init
 .text.HAL_TIM_IC_MspInit
                0x080033a0       0x14 ./Drivers/STM32F4xx_HAL_Driver/Src/stm32f4xx_hal_tim.o
                0x080033a0                HAL_TIM_IC_MspInit
 .text.HAL_TIM_IC_Start_IT
                0x080033b4      0x234 ./Drivers/STM32F4xx_HAL_Driver/Src/stm32f4xx_hal_tim.o
                0x080033b4                HAL_TIM_IC_Start_IT
 .text.HAL_TIM_IRQHandler
                0x080035e8      0x1e0 ./Drivers/STM32F4xx_HAL_Driver/Src/stm32f4xx_hal_tim.o
                0x080035e8                HAL_TIM_IRQHandler
 .text.HAL_TIM_IC_ConfigChannel
                0x080037c8      0x138 ./Drivers/STM32F4xx_HAL_Driver/Src/stm32f4xx_hal_tim.o
                0x080037c8                HAL_TIM_IC_ConfigChannel
 .text.HAL_TIM_ConfigClockSource
                0x08003900      0x18e ./Drivers/STM32F4xx_HAL_Driver/Src/stm32f4xx_hal_tim.o
                0x08003900                HAL_TIM_ConfigClockSource
 .text.HAL_TIM_OC_DelayElapsedCallback
                0x08003a8e       0x14 ./Drivers/STM32F4xx_HAL_Driver/Src/stm32f4xx_hal_tim.o
                0x08003a8e                HAL_TIM_OC_DelayElapsedCallback
 .text.HAL_TIM_IC_CaptureCallback
                0x08003aa2       0x14 ./Drivers/STM32F4xx_HAL_Driver/Src/stm32f4xx_hal_tim.o
                0x08003aa2                HAL_TIM_IC_CaptureCallback
 .text.HAL_TIM_PWM_PulseFinishedCallback
                0x08003ab6       0x14 ./Drivers/STM32F4xx_HAL_Driver/Src/stm32f4xx_hal_tim.o
                0x08003ab6                HAL_TIM_PWM_PulseFinishedCallback
 .text.HAL_TIM_TriggerCallback
                0x08003aca       0x14 ./Drivers/STM32F4xx_HAL_Driver/Src/stm32f4xx_hal_tim.o
                0x08003aca                HAL_TIM_TriggerCallback
 *fill*         0x08003ade        0x2 
 .text.TIM_Base_SetConfig
                0x08003ae0      0x10c ./Drivers/STM32F4xx_HAL_Driver/Src/stm32f4xx_hal_tim.o
                0x08003ae0                TIM_Base_SetConfig
 .text.TIM_TI1_SetConfig
                0x08003bec       0xd0 ./Drivers/STM32F4xx_HAL_Driver/Src/stm32f4xx_hal_tim.o
                0x08003bec                TIM_TI1_SetConfig
 .text.TIM_TI1_ConfigInputStage
                0x08003cbc       0x5e ./Drivers/STM32F4xx_HAL_Driver/Src/stm32f4xx_hal_tim.o
 .text.TIM_TI2_SetConfig
                0x08003d1a       0x7a ./Drivers/STM32F4xx_HAL_Driver/Src/stm32f4xx_hal_tim.o
 .text.TIM_TI2_ConfigInputStage
                0x08003d94       0x60 ./Drivers/STM32F4xx_HAL_Driver/Src/stm32f4xx_hal_tim.o
 .text.TIM_TI3_SetConfig
                0x08003df4       0x78 ./Drivers/STM32F4xx_HAL_Driver/Src/stm32f4xx_hal_tim.o
 .text.TIM_TI4_SetConfig
                0x08003e6c       0x7a ./Drivers/STM32F4xx_HAL_Driver/Src/stm32f4xx_hal_tim.o
 .text.TIM_ITRx_SetConfig
                0x08003ee6       0x36 ./Drivers/STM32F4xx_HAL_Driver/Src/stm32f4xx_hal_tim.o
 .text.TIM_ETR_SetConfig
                0x08003f1c       0x40 ./Drivers/STM32F4xx_HAL_Driver/Src/stm32f4xx_hal_tim.o
                0x08003f1c                TIM_ETR_SetConfig
 .text.TIM_CCxChannelCmd
                0x08003f5c       0x4a ./Drivers/STM32F4xx_HAL_Driver/Src/stm32f4xx_hal_tim.o
                0x08003f5c                TIM_CCxChannelCmd
 *fill*         0x08003fa6        0x2 
 .text.HAL_TIMEx_MasterConfigSynchronization
                0x08003fa8       0xdc ./Drivers/STM32F4xx_HAL_Driver/Src/stm32f4xx_hal_tim_ex.o
                0x08003fa8                HAL_TIMEx_MasterConfigSynchronization
 .text.HAL_TIMEx_CommutCallback
                0x08004084       0x14 ./Drivers/STM32F4xx_HAL_Driver/Src/stm32f4xx_hal_tim_ex.o
                0x08004084                HAL_TIMEx_CommutCallback
 .text.HAL_TIMEx_BreakCallback
                0x08004098       0x14 ./Drivers/STM32F4xx_HAL_Driver/Src/stm32f4xx_hal_tim_ex.o
                0x08004098                HAL_TIMEx_BreakCallback
 .text.HAL_UART_Init
                0x080040ac       0xa0 ./Drivers/STM32F4xx_HAL_Driver/Src/stm32f4xx_hal_uart.o
                0x080040ac                HAL_UART_Init
 .text.HAL_UART_Transmit
                0x0800414c      0x116 ./Drivers/STM32F4xx_HAL_Driver/Src/stm32f4xx_hal_uart.o
                0x0800414c                HAL_UART_Transmit
 *fill*         0x08004262        0x2 
 .text.HAL_UART_IRQHandler
                0x08004264      0x554 ./Drivers/STM32F4xx_HAL_Driver/Src/stm32f4xx_hal_uart.o
                0x08004264                HAL_UART_IRQHandler
 .text.HAL_UART_TxCpltCallback
                0x080047b8       0x14 ./Drivers/STM32F4xx_HAL_Driver/Src/stm32f4xx_hal_uart.o
                0x080047b8                HAL_UART_TxCpltCallback
 .text.HAL_UART_RxCpltCallback
                0x080047cc       0x14 ./Drivers/STM32F4xx_HAL_Driver/Src/stm32f4xx_hal_uart.o
                0x080047cc                HAL_UART_RxCpltCallback
 .text.HAL_UART_ErrorCallback
                0x080047e0       0x14 ./Drivers/STM32F4xx_HAL_Driver/Src/stm32f4xx_hal_uart.o
                0x080047e0                HAL_UART_ErrorCallback
 .text.HAL_UARTEx_RxEventCallback
                0x080047f4       0x18 ./Drivers/STM32F4xx_HAL_Driver/Src/stm32f4xx_hal_uart.o
                0x080047f4                HAL_UARTEx_RxEventCallback
 .text.UART_WaitOnFlagUntilTimeout
                0x0800480c       0xb2 ./Drivers/STM32F4xx_HAL_Driver/Src/stm32f4xx_hal_uart.o
 .text.UART_EndRxTransfer
                0x080048be       0xc6 ./Drivers/STM32F4xx_HAL_Driver/Src/stm32f4xx_hal_uart.o
 .text.UART_DMAAbortOnError
                0x08004984       0x22 ./Drivers/STM32F4xx_HAL_Driver/Src/stm32f4xx_hal_uart.o
 .text.UART_Transmit_IT
                0x080049a6       0xa0 ./Drivers/STM32F4xx_HAL_Driver/Src/stm32f4xx_hal_uart.o
 .text.UART_EndTransmit_IT
                0x08004a46       0x30 ./Drivers/STM32F4xx_HAL_Driver/Src/stm32f4xx_hal_uart.o
 .text.UART_Receive_IT
                0x08004a76      0x17c ./Drivers/STM32F4xx_HAL_Driver/Src/stm32f4xx_hal_uart.o
 *fill*         0x08004bf2        0x2 
 .text.UART_SetConfig
                0x08004bf4      0x4e8 ./Drivers/STM32F4xx_HAL_Driver/Src/stm32f4xx_hal_uart.o
 .text.std      0x080050dc       0x6c /Applications/STM32CubeIDE.app/Contents/Eclipse/plugins/com.st.stm32cube.ide.mcu.externaltools.gnu-tools-for-stm32.13.3.rel1.macos64_1.0.100.202509120712/tools/bin/../lib/gcc/arm-none-eabi/13.3.1/../../../../arm-none-eabi/lib/thumb/v7e-m+fp/hard/libc_nano.a(libc_a-findfp.o)
 .text.stdio_exit_handler
                0x08005148       0x18 /Applications/STM32CubeIDE.app/Contents/Eclipse/plugins/com.st.stm32cube.ide.mcu.externaltools.gnu-tools-for-stm32.13.3.rel1.macos64_1.0.100.202509120712/tools/bin/../lib/gcc/arm-none-eabi/13.3.1/../../../../arm-none-eabi/lib/thumb/v7e-m+fp/hard/libc_nano.a(libc_a-findfp.o)
 .text.cleanup_stdio
                0x08005160       0x40 /Applications/STM32CubeIDE.app/Contents/Eclipse/plugins/com.st.stm32cube.ide.mcu.externaltools.gnu-tools-for-stm32.13.3.rel1.macos64_1.0.100.202509120712/tools/bin/../lib/gcc/arm-none-eabi/13.3.1/../../../../arm-none-eabi/lib/thumb/v7e-m+fp/hard/libc_nano.a(libc_a-findfp.o)
 .text.global_stdio_init.part.0
                0x080051a0       0x3c /Applications/STM32CubeIDE.app/Contents/Eclipse/plugins/com.st.stm32cube.ide.mcu.externaltools.gnu-tools-for-stm32.13.3.rel1.macos64_1.0.100.202509120712/tools/bin/../lib/gcc/arm-none-eabi/13.3.1/../../../../arm-none-eabi/lib/thumb/v7e-m+fp/hard/libc_nano.a(libc_a-findfp.o)
 .text.__sfp_lock_acquire
                0x080051dc        0xc /Applications/STM32CubeIDE.app/Contents/Eclipse/plugins/com.st.stm32cube.ide.mcu.externaltools.gnu-tools-for-stm32.13.3.rel1.macos64_1.0.100.202509120712/tools/bin/../lib/gcc/arm-none-eabi/13.3.1/../../../../arm-none-eabi/lib/thumb/v7e-m+fp/hard/libc_nano.a(libc_a-findfp.o)
                0x080051dc                __sfp_lock_acquire
 .text.__sfp_lock_release
                0x080051e8        0xc /Applications/STM32CubeIDE.app/Contents/Eclipse/plugins/com.st.stm32cube.ide.mcu.externaltools.gnu-tools-for-stm32.13.3.rel1.macos64_1.0.100.202509120712/tools/bin/../lib/gcc/arm-none-eabi/13.3.1/../../../../arm-none-eabi/lib/thumb/v7e-m+fp/hard/libc_nano.a(libc_a-findfp.o)
                0x080051e8                __sfp_lock_release
 .text.__sinit  0x080051f4       0x30 /Applications/STM32CubeIDE.app/Contents/Eclipse/plugins/com.st.stm32cube.ide.mcu.externaltools.gnu-tools-for-stm32.13.3.rel1.macos64_1.0.100.202509120712/tools/bin/../lib/gcc/arm-none-eabi/13.3.1/../../../../arm-none-eabi/lib/thumb/v7e-m+fp/hard/libc_nano.a(libc_a-findfp.o)
                0x080051f4                __sinit
 .text._fwalk_sglue
                0x08005224       0x3c /Applications/STM32CubeIDE.app/Contents/Eclipse/plugins/com.st.stm32cube.ide.mcu.externaltools.gnu-tools-for-stm32.13.3.rel1.macos64_1.0.100.202509120712/tools/bin/../lib/gcc/arm-none-eabi/13.3.1/../../../../arm-none-eabi/lib/thumb/v7e-m+fp/hard/libc_nano.a(libc_a-fwalk.o)
                0x08005224                _fwalk_sglue
 .text.printf   0x08005260       0x24 /Applications/STM32CubeIDE.app/Contents/Eclipse/plugins/com.st.stm32cube.ide.mcu.externaltools.gnu-tools-for-stm32.13.3.rel1.macos64_1.0.100.202509120712/tools/bin/../lib/gcc/arm-none-eabi/13.3.1/../../../../arm-none-eabi/lib/thumb/v7e-m+fp/hard/libc_nano.a(libc_a-printf.o)
                0x08005260                printf
                0x08005260                iprintf
 .text._puts_r  0x08005284       0xaa /Applications/STM32CubeIDE.app/Contents/Eclipse/plugins/com.st.stm32cube.ide.mcu.externaltools.gnu-tools-for-stm32.13.3.rel1.macos64_1.0.100.202509120712/tools/bin/../lib/gcc/arm-none-eabi/13.3.1/../../../../arm-none-eabi/lib/thumb/v7e-m+fp/hard/libc_nano.a(libc_a-puts.o)
                0x08005284                _puts_r
 *fill*         0x0800532e        0x2 
 .text.puts     0x08005330       0x10 /Applications/STM32CubeIDE.app/Contents/Eclipse/plugins/com.st.stm32cube.ide.mcu.externaltools.gnu-tools-for-stm32.13.3.rel1.macos64_1.0.100.202509120712/tools/bin/../lib/gcc/arm-none-eabi/13.3.1/../../../../arm-none-eabi/lib/thumb/v7e-m+fp/hard/libc_nano.a(libc_a-puts.o)
                0x08005330                puts
 .text.memset   0x08005340       0x10 /Applications/STM32CubeIDE.app/Contents/Eclipse/plugins/com.st.stm32cube.ide.mcu.externaltools.gnu-tools-for-stm32.13.3.rel1.macos64_1.0.100.202509120712/tools/bin/../lib/gcc/arm-none-eabi/13.3.1/../../../../arm-none-eabi/lib/thumb/v7e-m+fp/hard/libc_nano.a(libc_a-memset.o)
                0x08005340                memset
 .text.__errno  0x08005350        0xc /Applications/STM32CubeIDE.app/Contents/Eclipse/plugins/com.st.stm32cube.ide.mcu.externaltools.gnu-tools-for-stm32.13.3.rel1.macos64_1.0.100.202509120712/tools/bin/../lib/gcc/arm-none-eabi/13.3.1/../../../../arm-none-eabi/lib/thumb/v7e-m+fp/hard/libc_nano.a(libc_a-errno.o)
                0x08005350                __errno
 .text.__libc_init_array
                0x0800535c       0x48 /Applications/STM32CubeIDE.app/Contents/Eclipse/plugins/com.st.stm32cube.ide.mcu.externaltools.gnu-tools-for-stm32.13.3.rel1.macos64_1.0.100.202509120712/tools/bin/../lib/gcc/arm-none-eabi/13.3.1/../../../../arm-none-eabi/lib/thumb/v7e-m+fp/hard/libc_nano.a(libc_a-init.o)
                0x0800535c                __libc_init_array
 .text.__retarget_lock_init_recursive
                0x080053a4        0x2 /Applications/STM32CubeIDE.app/Contents/Eclipse/plugins/com.st.stm32cube.ide.mcu.externaltools.gnu-tools-for-stm32.13.3.rel1.macos64_1.0.100.202509120712/tools/bin/../lib/gcc/arm-none-eabi/13.3.1/../../../../arm-none-eabi/lib/thumb/v7e-m+fp/hard/libc_nano.a(libc_a-lock.o)
                0x080053a4                __retarget_lock_init_recursive
 .text.__retarget_lock_acquire_recursive
                0x080053a6        0x2 /Applications/STM32CubeIDE.app/Contents/Eclipse/plugins/com.st.stm32cube.ide.mcu.externaltools.gnu-tools-for-stm32.13.3.rel1.macos64_1.0.100.202509120712/tools/bin/../lib/gcc/arm-none-eabi/13.3.1/../../../../arm-none-eabi/lib/thumb/v7e-m+fp/hard/libc_nano.a(libc_a-lock.o)
                0x080053a6                __retarget_lock_acquire_recursive
 .text.__retarget_lock_release_recursive
                0x080053a8        0x2 /Applications/STM32CubeIDE.app/Contents/Eclipse/plugins/com.st.stm32cube.ide.mcu.externaltools.gnu-tools-for-stm32.13.3.rel1.macos64_1.0.100.202509120712/tools/bin/../lib/gcc/arm-none-eabi/13.3.1/../../../../arm-none-eabi/lib/thumb/v7e-m+fp/hard/libc_nano.a(libc_a-lock.o)
                0x080053a8                __retarget_lock_release_recursive
 .text.__sfputc_r
                0x080053aa       0x2e /Applications/STM32CubeIDE.app/Contents/Eclipse/plugins/com.st.stm32cube.ide.mcu.externaltools.gnu-tools-for-stm32.13.3.rel1.macos64_1.0.100.202509120712/tools/bin/../lib/gcc/arm-none-eabi/13.3.1/../../../../arm-none-eabi/lib/thumb/v7e-m+fp/hard/libc_nano.a(libc_a-nano-vfprintf.o)
 .text.__sfputs_r
                0x080053d8       0x24 /Applications/STM32CubeIDE.app/Contents/Eclipse/plugins/com.st.stm32cube.ide.mcu.externaltools.gnu-tools-for-stm32.13.3.rel1.macos64_1.0.100.202509120712/tools/bin/../lib/gcc/arm-none-eabi/13.3.1/../../../../arm-none-eabi/lib/thumb/v7e-m+fp/hard/libc_nano.a(libc_a-nano-vfprintf.o)
                0x080053d8                __sfputs_r
 .text._vfprintf_r
                0x080053fc      0x230 /Applications/STM32CubeIDE.app/Contents/Eclipse/plugins/com.st.stm32cube.ide.mcu.externaltools.gnu-tools-for-stm32.13.3.rel1.macos64_1.0.100.202509120712/tools/bin/../lib/gcc/arm-none-eabi/13.3.1/../../../../arm-none-eabi/lib/thumb/v7e-m+fp/hard/libc_nano.a(libc_a-nano-vfprintf.o)
                0x080053fc                _vfiprintf_r
                0x080053fc                _vfprintf_r
 .text.sbrk_aligned
                0x0800562c       0x44 /Applications/STM32CubeIDE.app/Contents/Eclipse/plugins/com.st.stm32cube.ide.mcu.externaltools.gnu-tools-for-stm32.13.3.rel1.macos64_1.0.100.202509120712/tools/bin/../lib/gcc/arm-none-eabi/13.3.1/../../../../arm-none-eabi/lib/thumb/v7e-m+fp/hard/libc_nano.a(libc_a-mallocr.o)
 .text._malloc_r
                0x08005670      0x100 /Applications/STM32CubeIDE.app/Contents/Eclipse/plugins/com.st.stm32cube.ide.mcu.externaltools.gnu-tools-for-stm32.13.3.rel1.macos64_1.0.100.202509120712/tools/bin/../lib/gcc/arm-none-eabi/13.3.1/../../../../arm-none-eabi/lib/thumb/v7e-m+fp/hard/libc_nano.a(libc_a-mallocr.o)
                0x08005670                _malloc_r
 .text._printf_common
                0x08005770       0xda /Applications/STM32CubeIDE.app/Contents/Eclipse/plugins/com.st.stm32cube.ide.mcu.externaltools.gnu-tools-for-stm32.13.3.rel1.macos64_1.0.100.202509120712/tools/bin/../lib/gcc/arm-none-eabi/13.3.1/../../../../arm-none-eabi/lib/thumb/v7e-m+fp/hard/libc_nano.a(libc_a-nano-vfprintf_i.o)
                0x08005770                _printf_common
 *fill*         0x0800584a        0x2 
 .text._printf_i
                0x0800584c      0x23c /Applications/STM32CubeIDE.app/Contents/Eclipse/plugins/com.st.stm32cube.ide.mcu.externaltools.gnu-tools-for-stm32.13.3.rel1.macos64_1.0.100.202509120712/tools/bin/../lib/gcc/arm-none-eabi/13.3.1/../../../../arm-none-eabi/lib/thumb/v7e-m+fp/hard/libc_nano.a(libc_a-nano-vfprintf_i.o)
                0x0800584c                _printf_i
 .text.__sflush_r
                0x08005a88      0x108 /Applications/STM32CubeIDE.app/Contents/Eclipse/plugins/com.st.stm32cube.ide.mcu.externaltools.gnu-tools-for-stm32.13.3.rel1.macos64_1.0.100.202509120712/tools/bin/../lib/gcc/arm-none-eabi/13.3.1/../../../../arm-none-eabi/lib/thumb/v7e-m+fp/hard/libc_nano.a(libc_a-fflush.o)
                0x08005a88                __sflush_r
 .text._fflush_r
                0x08005b90       0x50 /Applications/STM32CubeIDE.app/Contents/Eclipse/plugins/com.st.stm32cube.ide.mcu.externaltools.gnu-tools-for-stm32.13.3.rel1.macos64_1.0.100.202509120712/tools/bin/../lib/gcc/arm-none-eabi/13.3.1/../../../../arm-none-eabi/lib/thumb/v7e-m+fp/hard/libc_nano.a(libc_a-fflush.o)
                0x08005b90                _fflush_r
 .text.__malloc_lock
                0x08005be0        0xc /Applications/STM32CubeIDE.app/Contents/Eclipse/plugins/com.st.stm32cube.ide.mcu.externaltools.gnu-tools-for-stm32.13.3.rel1.macos64_1.0.100.202509120712/tools/bin/../lib/gcc/arm-none-eabi/13.3.1/../../../../arm-none-eabi/lib/thumb/v7e-m+fp/hard/libc_nano.a(libc_a-mlock.o)
                0x08005be0                __malloc_lock
 .text.__malloc_unlock
                0x08005bec        0xc /Applications/STM32CubeIDE.app/Contents/Eclipse/plugins/com.st.stm32cube.ide.mcu.externaltools.gnu-tools-for-stm32.13.3.rel1.macos64_1.0.100.202509120712/tools/bin/../lib/gcc/arm-none-eabi/13.3.1/../../../../arm-none-eabi/lib/thumb/v7e-m+fp/hard/libc_nano.a(libc_a-mlock.o)
                0x08005bec                __malloc_unlock
 .text.__sread  0x08005bf8       0x22 /Applications/STM32CubeIDE.app/Contents/Eclipse/plugins/com.st.stm32cube.ide.mcu.externaltools.gnu-tools-for-stm32.13.3.rel1.macos64_1.0.100.202509120712/tools/bin/../lib/gcc/arm-none-eabi/13.3.1/../../../../arm-none-eabi/lib/thumb/v7e-m+fp/hard/libc_nano.a(libc_a-stdio.o)
                0x08005bf8                __sread
 .text.__swrite
                0x08005c1a       0x38 /Applications/STM32CubeIDE.app/Contents/Eclipse/plugins/com.st.stm32cube.ide.mcu.externaltools.gnu-tools-for-stm32.13.3.rel1.macos64_1.0.100.202509120712/tools/bin/../lib/gcc/arm-none-eabi/13.3.1/../../../../arm-none-eabi/lib/thumb/v7e-m+fp/hard/libc_nano.a(libc_a-stdio.o)
                0x08005c1a                __swrite
 .text.__sseek  0x08005c52       0x24 /Applications/STM32CubeIDE.app/Contents/Eclipse/plugins/com.st.stm32cube.ide.mcu.externaltools.gnu-tools-for-stm32.13.3.rel1.macos64_1.0.100.202509120712/tools/bin/../lib/gcc/arm-none-eabi/13.3.1/../../../../arm-none-eabi/lib/thumb/v7e-m+fp/hard/libc_nano.a(libc_a-stdio.o)
                0x08005c52                __sseek
 .text.__sclose
                0x08005c76        0x8 /Applications/STM32CubeIDE.app/Contents/Eclipse/plugins/com.st.stm32cube.ide.mcu.externaltools.gnu-tools-for-stm32.13.3.rel1.macos64_1.0.100.202509120712/tools/bin/../lib/gcc/arm-none-eabi/13.3.1/../../../../arm-none-eabi/lib/thumb/v7e-m+fp/hard/libc_nano.a(libc_a-stdio.o)
                0x08005c76                __sclose
 .text.__swbuf_r
                0x08005c7e       0x7c /Applications/STM32CubeIDE.app/Contents/Eclipse/plugins/com.st.stm32cube.ide.mcu.externaltools.gnu-tools-for-stm32.13.3.rel1.macos64_1.0.100.202509120712/tools/bin/../lib/gcc/arm-none-eabi/13.3.1/../../../../arm-none-eabi/lib/thumb/v7e-m+fp/hard/libc_nano.a(libc_a-wbuf.o)
                0x08005c7e                __swbuf_r
 *fill*         0x08005cfa        0x2 
 .text.__swsetup_r
                0x08005cfc       0xac /Applications/STM32CubeIDE.app/Contents/Eclipse/plugins/com.st.stm32cube.ide.mcu.externaltools.gnu-tools-for-stm32.13.3.rel1.macos64_1.0.100.202509120712/tools/bin/../lib/gcc/arm-none-eabi/13.3.1/../../../../arm-none-eabi/lib/thumb/v7e-m+fp/hard/libc_nano.a(libc_a-wsetup.o)
                0x08005cfc                __swsetup_r
 .text.__swhatbuf_r
                0x08005da8       0x4c /Applications/STM32CubeIDE.app/Contents/Eclipse/plugins/com.st.stm32cube.ide.mcu.externaltools.gnu-tools-for-stm32.13.3.rel1.macos64_1.0.100.202509120712/tools/bin/../lib/gcc/arm-none-eabi/13.3.1/../../../../arm-none-eabi/lib/thumb/v7e-m+fp/hard/libc_nano.a(libc_a-makebuf.o)
                0x08005da8                __swhatbuf_r
 .text.__smakebuf_r
                0x08005df4       0x78 /Applications/STM32CubeIDE.app/Contents/Eclipse/plugins/com.st.stm32cube.ide.mcu.externaltools.gnu-tools-for-stm32.13.3.rel1.macos64_1.0.100.202509120712/tools/bin/../lib/gcc/arm-none-eabi/13.3.1/../../../../arm-none-eabi/lib/thumb/v7e-m+fp/hard/libc_nano.a(libc_a-makebuf.o)
                0x08005df4                __smakebuf_r
 .text._isatty_r
                0x08005e6c       0x20 /Applications/STM32CubeIDE.app/Contents/Eclipse/plugins/com.st.stm32cube.ide.mcu.externaltools.gnu-tools-for-stm32.13.3.rel1.macos64_1.0.100.202509120712/tools/bin/../lib/gcc/arm-none-eabi/13.3.1/../../../../arm-none-eabi/lib/thumb/v7e-m+fp/hard/libc_nano.a(libc_a-isattyr.o)
                0x08005e6c                _isatty_r
 .text._lseek_r
                0x08005e8c       0x24 /Applications/STM32CubeIDE.app/Contents/Eclipse/plugins/com.st.stm32cube.ide.mcu.externaltools.gnu-tools-for-stm32.13.3.rel1.macos64_1.0.100.202509120712/tools/bin/../lib/gcc/arm-none-eabi/13.3.1/../../../../arm-none-eabi/lib/thumb/v7e-m+fp/hard/libc_nano.a(libc_a-lseekr.o)
                0x08005e8c                _lseek_r
 .text._read_r  0x08005eb0       0x24 /Applications/STM32CubeIDE.app/Contents/Eclipse/plugins/com.st.stm32cube.ide.mcu.externaltools.gnu-tools-for-stm32.13.3.rel1.macos64_1.0.100.202509120712/tools/bin/../lib/gcc/arm-none-eabi/13.3.1/../../../../arm-none-eabi/lib/thumb/v7e-m+fp/hard/libc_nano.a(libc_a-readr.o)
                0x08005eb0                _read_r
 .text._sbrk_r  0x08005ed4       0x20 /Applications/STM32CubeIDE.app/Contents/Eclipse/plugins/com.st.stm32cube.ide.mcu.externaltools.gnu-tools-for-stm32.13.3.rel1.macos64_1.0.100.202509120712/tools/bin/../lib/gcc/arm-none-eabi/13.3.1/../../../../arm-none-eabi/lib/thumb/v7e-m+fp/hard/libc_nano.a(libc_a-sbrkr.o)
                0x08005ed4                _sbrk_r
 .text._write_r
                0x08005ef4       0x24 /Applications/STM32CubeIDE.app/Contents/Eclipse/plugins/com.st.stm32cube.ide.mcu.externaltools.gnu-tools-for-stm32.13.3.rel1.macos64_1.0.100.202509120712/tools/bin/../lib/gcc/arm-none-eabi/13.3.1/../../../../arm-none-eabi/lib/thumb/v7e-m+fp/hard/libc_nano.a(libc_a-writer.o)
                0x08005ef4                _write_r
 .text._close_r
                0x08005f18       0x20 /Applications/STM32CubeIDE.app/Contents/Eclipse/plugins/com.st.stm32cube.ide.mcu.externaltools.gnu-tools-for-stm32.13.3.rel1.macos64_1.0.100.202509120712/tools/bin/../lib/gcc/arm-none-eabi/13.3.1/../../../../arm-none-eabi/lib/thumb/v7e-m+fp/hard/libc_nano.a(libc_a-closer.o)
                0x08005f18                _close_r
 .text._fstat_r
                0x08005f38       0x24 /Applications/STM32CubeIDE.app/Contents/Eclipse/plugins/com.st.stm32cube.ide.mcu.externaltools.gnu-tools-for-stm32.13.3.rel1.macos64_1.0.100.202509120712/tools/bin/../lib/gcc/arm-none-eabi/13.3.1/../../../../arm-none-eabi/lib/thumb/v7e-m+fp/hard/libc_nano.a(libc_a-fstatr.o)
                0x08005f38                _fstat_r
 .text._free_r  0x08005f5c       0x94 /Applications/STM32CubeIDE.app/Contents/Eclipse/plugins/com.st.stm32cube.ide.mcu.externaltools.gnu-tools-for-stm32.13.3.rel1.macos64_1.0.100.202509120712/tools/bin/../lib/gcc/arm-none-eabi/13.3.1/../../../../arm-none-eabi/lib/thumb/v7e-m+fp/hard/libc_nano.a(libc_a-freer.o)
                0x08005f5c                _free_r
 *(.glue_7)
 .glue_7        0x08005ff0        0x0 linker stubs
 *(.glue_7t)
 .glue_7t       0x08005ff0        0x0 linker stubs
 *(.eh_frame)
 .eh_frame      0x08005ff0        0x0 /Applications/STM32CubeIDE.app/Contents/Eclipse/plugins/com.st.stm32cube.ide.mcu.externaltools.gnu-tools-for-stm32.13.3.rel1.macos64_1.0.100.202509120712/tools/bin/../lib/gcc/arm-none-eabi/13.3.1/thumb/v7e-m+fp/hard/crtbegin.o
 *(.init)
 .init          0x08005ff0        0x4 /Applications/STM32CubeIDE.app/Contents/Eclipse/plugins/com.st.stm32cube.ide.mcu.externaltools.gnu-tools-for-stm32.13.3.rel1.macos64_1.0.100.202509120712/tools/bin/../lib/gcc/arm-none-eabi/13.3.1/thumb/v7e-m+fp/hard/crti.o
                0x08005ff0                _init
 .init          0x08005ff4        0x8 /Applications/STM32CubeIDE.app/Contents/Eclipse/plugins/com.st.stm32cube.ide.mcu.externaltools.gnu-tools-for-stm32.13.3.rel1.macos64_1.0.100.202509120712/tools/bin/../lib/gcc/arm-none-eabi/13.3.1/thumb/v7e-m+fp/hard/crtn.o
 *(.fini)
 .fini          0x08005ffc        0x4 /Applications/STM32CubeIDE.app/Contents/Eclipse/plugins/com.st.stm32cube.ide.mcu.externaltools.gnu-tools-for-stm32.13.3.rel1.macos64_1.0.100.202509120712/tools/bin/../lib/gcc/arm-none-eabi/13.3.1/thumb/v7e-m+fp/hard/crti.o
                0x08005ffc                _fini
 .fini          0x08006000        0x8 /Applications/STM32CubeIDE.app/Contents/Eclipse/plugins/com.st.stm32cube.ide.mcu.externaltools.gnu-tools-for-stm32.13.3.rel1.macos64_1.0.100.202509120712/tools/bin/../lib/gcc/arm-none-eabi/13.3.1/thumb/v7e-m+fp/hard/crtn.o
                0x08006008                        . = ALIGN (0x4)
                0x08006008                        _etext = .

.vfp11_veneer   0x08006008        0x0
 .vfp11_veneer  0x08006008        0x0 linker stubs

.v4_bx          0x08006008        0x0
 .v4_bx         0x08006008        0x0 linker stubs

.iplt           0x08006008        0x0
 .iplt          0x08006008        0x0 /Applications/STM32CubeIDE.app/Contents/Eclipse/plugins/com.st.stm32cube.ide.mcu.externaltools.gnu-tools-for-stm32.13.3.rel1.macos64_1.0.100.202509120712/tools/bin/../lib/gcc/arm-none-eabi/13.3.1/thumb/v7e-m+fp/hard/crtbegin.o

.rodata         0x08006008      0x174
                0x08006008                        . = ALIGN (0x4)
 *(.rodata)
 .rodata        0x08006008       0xf0 ./Core/Src/main.o
 *(.rodata*)
 .rodata.segmentData
                0x080060f8        0xa ./Core/Src/segment.o
 *fill*         0x08006102        0x2 
 .rodata.HALF_STEP_SEQ
                0x08006104       0x20 ./Core/Src/stepper_t.o
 .rodata.speedTable
                0x08006124        0xc ./Core/Src/stepper_t.o
 .rodata.AHBPrescTable
                0x08006130       0x10 ./Core/Src/system_stm32f4xx.o
                0x08006130                AHBPrescTable
 .rodata.APBPrescTable
                0x08006140        0x8 ./Core/Src/system_stm32f4xx.o
                0x08006140                APBPrescTable
 .rodata._vfprintf_r.str1.1
                0x08006148       0x33 /Applications/STM32CubeIDE.app/Contents/Eclipse/plugins/com.st.stm32cube.ide.mcu.externaltools.gnu-tools-for-stm32.13.3.rel1.macos64_1.0.100.202509120712/tools/bin/../lib/gcc/arm-none-eabi/13.3.1/../../../../arm-none-eabi/lib/thumb/v7e-m+fp/hard/libc_nano.a(libc_a-nano-vfprintf.o)
                                 0x11 (size before relaxing)
 .rodata._printf_i.str1.1
                0x0800617b        0x0 /Applications/STM32CubeIDE.app/Contents/Eclipse/plugins/com.st.stm32cube.ide.mcu.externaltools.gnu-tools-for-stm32.13.3.rel1.macos64_1.0.100.202509120712/tools/bin/../lib/gcc/arm-none-eabi/13.3.1/../../../../arm-none-eabi/lib/thumb/v7e-m+fp/hard/libc_nano.a(libc_a-nano-vfprintf_i.o)
                                 0x22 (size before relaxing)
                0x0800617c                        . = ALIGN (0x4)
 *fill*         0x0800617b        0x1 

.ARM.extab      0x0800617c        0x0
                0x0800617c                        . = ALIGN (0x4)
 *(.ARM.extab* .gnu.linkonce.armextab.*)
                0x0800617c                        . = ALIGN (0x4)

.ARM            0x0800617c        0x8
                0x0800617c                        . = ALIGN (0x4)
                0x0800617c                        __exidx_start = .
 *(.ARM.exidx*)
 .ARM.exidx     0x0800617c        0x8 /Applications/STM32CubeIDE.app/Contents/Eclipse/plugins/com.st.stm32cube.ide.mcu.externaltools.gnu-tools-for-stm32.13.3.rel1.macos64_1.0.100.202509120712/tools/bin/../lib/gcc/arm-none-eabi/13.3.1/../../../../arm-none-eabi/lib/thumb/v7e-m+fp/hard/libc_nano.a(libc_a-memchr.o)
 .ARM.exidx     0x08006184        0x0 /Applications/STM32CubeIDE.app/Contents/Eclipse/plugins/com.st.stm32cube.ide.mcu.externaltools.gnu-tools-for-stm32.13.3.rel1.macos64_1.0.100.202509120712/tools/bin/../lib/gcc/arm-none-eabi/13.3.1/thumb/v7e-m+fp/hard/libgcc.a(_udivmoddi4.o)
                                  0x8 (size before relaxing)
                0x08006184                        __exidx_end = .
                0x08006184                        . = ALIGN (0x4)

.preinit_array  0x08006184        0x0
                0x08006184                        . = ALIGN (0x4)
                0x08006184                        PROVIDE (__preinit_array_start = .)
 *(.preinit_array*)
                0x08006184                        PROVIDE (__preinit_array_end = .)
                0x08006184                        . = ALIGN (0x4)

.init_array     0x08006184        0x4
                0x08006184                        . = ALIGN (0x4)
                0x08006184                        PROVIDE (__init_array_start = .)
 *(SORT_BY_NAME(.init_array.*))
 *(.init_array*)
 .init_array    0x08006184        0x4 /Applications/STM32CubeIDE.app/Contents/Eclipse/plugins/com.st.stm32cube.ide.mcu.externaltools.gnu-tools-for-stm32.13.3.rel1.macos64_1.0.100.202509120712/tools/bin/../lib/gcc/arm-none-eabi/13.3.1/thumb/v7e-m+fp/hard/crtbegin.o
                0x08006188                        PROVIDE (__init_array_end = .)
                0x08006188                        . = ALIGN (0x4)

.fini_array     0x08006188        0x4
                0x08006188                        . = ALIGN (0x4)
                [!provide]                        PROVIDE (__fini_array_start = .)
 *(SORT_BY_NAME(.fini_array.*))
 *(.fini_array*)
 .fini_array    0x08006188        0x4 /Applications/STM32CubeIDE.app/Contents/Eclipse/plugins/com.st.stm32cube.ide.mcu.externaltools.gnu-tools-for-stm32.13.3.rel1.macos64_1.0.100.202509120712/tools/bin/../lib/gcc/arm-none-eabi/13.3.1/thumb/v7e-m+fp/hard/crtbegin.o
                [!provide]                        PROVIDE (__fini_array_end = .)
                0x0800618c                        . = ALIGN (0x4)
                0x0800618c                        _sidata = LOADADDR (.data)

.rel.dyn        0x0800618c        0x0
 .rel.iplt      0x0800618c        0x0 /Applications/STM32CubeIDE.app/Contents/Eclipse/plugins/com.st.stm32cube.ide.mcu.externaltools.gnu-tools-for-stm32.13.3.rel1.macos64_1.0.100.202509120712/tools/bin/../lib/gcc/arm-none-eabi/13.3.1/thumb/v7e-m+fp/hard/crtbegin.o

.data           0x20000000      0x16c load address 0x0800618c
                0x20000000                        . = ALIGN (0x4)
                0x20000000                        _sdata = .
 *(.data)
 *(.data*)
 .data.BTN_data
                0x20000000       0xc0 ./Core/Src/elevator.o
                0x20000000                BTN_data
 .data.rightshiftIndex
                0x200000c0        0x1 ./Core/Src/led.o
 .data.shiftDir
                0x200000c1        0x1 ./Core/Src/led.o
 *fill*         0x200000c2        0x2 
 .data.led      0x200000c4       0x40 ./Core/Src/led.o
                0x200000c4                led
 .data.SystemCoreClock
                0x20000104        0x4 ./Core/Src/system_stm32f4xx.o
                0x20000104                SystemCoreClock
 .data.uwTickPrio
                0x20000108        0x4 ./Drivers/STM32F4xx_HAL_Driver/Src/stm32f4xx_hal.o
                0x20000108                uwTickPrio
 .data.uwTickFreq
                0x2000010c        0x1 ./Drivers/STM32F4xx_HAL_Driver/Src/stm32f4xx_hal.o
                0x2000010c                uwTickFreq
 *fill*         0x2000010d        0x3 
 .data.__sglue  0x20000110        0xc /Applications/STM32CubeIDE.app/Contents/Eclipse/plugins/com.st.stm32cube.ide.mcu.externaltools.gnu-tools-for-stm32.13.3.rel1.macos64_1.0.100.202509120712/tools/bin/../lib/gcc/arm-none-eabi/13.3.1/../../../../arm-none-eabi/lib/thumb/v7e-m+fp/hard/libc_nano.a(libc_a-findfp.o)
                0x20000110                __sglue
 .data._impure_ptr
                0x2000011c        0x4 /Applications/STM32CubeIDE.app/Contents/Eclipse/plugins/com.st.stm32cube.ide.mcu.externaltools.gnu-tools-for-stm32.13.3.rel1.macos64_1.0.100.202509120712/tools/bin/../lib/gcc/arm-none-eabi/13.3.1/../../../../arm-none-eabi/lib/thumb/v7e-m+fp/hard/libc_nano.a(libc_a-impure.o)
                0x2000011c                _impure_ptr
 .data._impure_data
                0x20000120       0x4c /Applications/STM32CubeIDE.app/Contents/Eclipse/plugins/com.st.stm32cube.ide.mcu.externaltools.gnu-tools-for-stm32.13.3.rel1.macos64_1.0.100.202509120712/tools/bin/../lib/gcc/arm-none-eabi/13.3.1/../../../../arm-none-eabi/lib/thumb/v7e-m+fp/hard/libc_nano.a(libc_a-impure.o)
                0x20000120                _impure_data
 *(.RamFunc)
 *(.RamFunc*)
                0x2000016c                        . = ALIGN (0x4)
                0x2000016c                        _edata = .

.igot.plt       0x2000016c        0x0 load address 0x080062f8
 .igot.plt      0x2000016c        0x0 /Applications/STM32CubeIDE.app/Contents/Eclipse/plugins/com.st.stm32cube.ide.mcu.externaltools.gnu-tools-for-stm32.13.3.rel1.macos64_1.0.100.202509120712/tools/bin/../lib/gcc/arm-none-eabi/13.3.1/thumb/v7e-m+fp/hard/crtbegin.o
                0x2000016c                        . = ALIGN (0x4)

.bss            0x2000016c      0x2c8 load address 0x080062f8
                0x2000016c                        _sbss = .
                0x2000016c                        __bss_start__ = _sbss
 *(.bss)
 .bss           0x2000016c       0x1c /Applications/STM32CubeIDE.app/Contents/Eclipse/plugins/com.st.stm32cube.ide.mcu.externaltools.gnu-tools-for-stm32.13.3.rel1.macos64_1.0.100.202509120712/tools/bin/../lib/gcc/arm-none-eabi/13.3.1/thumb/v7e-m+fp/hard/crtbegin.o
 *(.bss*)
 .bss.ele       0x20000188        0xa ./Core/Src/elevator.o
                0x20000188                ele
 *fill*         0x20000192        0x2 
 .bss.fl        0x20000194        0x8 ./Core/Src/elevator.o
                0x20000194                fl
 .bss.flag.1    0x2000019c        0x1 ./Core/Src/elevator.o
 *fill*         0x2000019d        0x3 
 .bss.prevTime.0
                0x200001a0        0x4 ./Core/Src/elevator.o
 .bss.shiftRun  0x200001a4        0x1 ./Core/Src/led.o
 *fill*         0x200001a5        0x3 
 .bss.shiftTick
                0x200001a8        0x4 ./Core/Src/led.o
 .bss.shiftIndex
                0x200001ac        0x1 ./Core/Src/led.o
 .bss.leftshiftIndex
                0x200001ad        0x1 ./Core/Src/led.o
 *fill*         0x200001ae        0x2 
 .bss.stepper   0x200001b0        0xc ./Core/Src/main.o
                0x200001b0                stepper
 .bss.lastLogTime.0
                0x200001bc        0x4 ./Core/Src/main.o
 .bss.__sbrk_heap_end
                0x200001c0        0x4 ./Core/Src/sysmem.o
 .bss.htim3     0x200001c4       0x48 ./Core/Src/tim.o
                0x200001c4                htim3
 .bss.htim10    0x2000020c       0x48 ./Core/Src/tim.o
                0x2000020c                htim10
 .bss.htim11    0x20000254       0x48 ./Core/Src/tim.o
                0x20000254                htim11
 .bss.huart2    0x2000029c       0x48 ./Core/Src/usart.o
                0x2000029c                huart2
 .bss.uwTick    0x200002e4        0x4 ./Drivers/STM32F4xx_HAL_Driver/Src/stm32f4xx_hal.o
                0x200002e4                uwTick
 .bss.__sf      0x200002e8      0x138 /Applications/STM32CubeIDE.app/Contents/Eclipse/plugins/com.st.stm32cube.ide.mcu.externaltools.gnu-tools-for-stm32.13.3.rel1.macos64_1.0.100.202509120712/tools/bin/../lib/gcc/arm-none-eabi/13.3.1/../../../../arm-none-eabi/lib/thumb/v7e-m+fp/hard/libc_nano.a(libc_a-findfp.o)
                0x200002e8                __sf
 .bss.__stdio_exit_handler
                0x20000420        0x4 /Applications/STM32CubeIDE.app/Contents/Eclipse/plugins/com.st.stm32cube.ide.mcu.externaltools.gnu-tools-for-stm32.13.3.rel1.macos64_1.0.100.202509120712/tools/bin/../lib/gcc/arm-none-eabi/13.3.1/../../../../arm-none-eabi/lib/thumb/v7e-m+fp/hard/libc_nano.a(libc_a-findfp.o)
                0x20000420                __stdio_exit_handler
 .bss.__lock___malloc_recursive_mutex
                0x20000424        0x1 /Applications/STM32CubeIDE.app/Contents/Eclipse/plugins/com.st.stm32cube.ide.mcu.externaltools.gnu-tools-for-stm32.13.3.rel1.macos64_1.0.100.202509120712/tools/bin/../lib/gcc/arm-none-eabi/13.3.1/../../../../arm-none-eabi/lib/thumb/v7e-m+fp/hard/libc_nano.a(libc_a-lock.o)
                0x20000424                __lock___malloc_recursive_mutex
 .bss.__lock___sfp_recursive_mutex
                0x20000425        0x1 /Applications/STM32CubeIDE.app/Contents/Eclipse/plugins/com.st.stm32cube.ide.mcu.externaltools.gnu-tools-for-stm32.13.3.rel1.macos64_1.0.100.202509120712/tools/bin/../lib/gcc/arm-none-eabi/13.3.1/../../../../arm-none-eabi/lib/thumb/v7e-m+fp/hard/libc_nano.a(libc_a-lock.o)
                0x20000425                __lock___sfp_recursive_mutex
 *fill*         0x20000426        0x2 
 .bss.__malloc_sbrk_start
                0x20000428        0x4 /Applications/STM32CubeIDE.app/Contents/Eclipse/plugins/com.st.stm32cube.ide.mcu.externaltools.gnu-tools-for-stm32.13.3.rel1.macos64_1.0.100.202509120712/tools/bin/../lib/gcc/arm-none-eabi/13.3.1/../../../../arm-none-eabi/lib/thumb/v7e-m+fp/hard/libc_nano.a(libc_a-mallocr.o)
                0x20000428                __malloc_sbrk_start
 .bss.__malloc_free_list
                0x2000042c        0x4 /Applications/STM32CubeIDE.app/Contents/Eclipse/plugins/com.st.stm32cube.ide.mcu.externaltools.gnu-tools-for-stm32.13.3.rel1.macos64_1.0.100.202509120712/tools/bin/../lib/gcc/arm-none-eabi/13.3.1/../../../../arm-none-eabi/lib/thumb/v7e-m+fp/hard/libc_nano.a(libc_a-mallocr.o)
                0x2000042c                __malloc_free_list
 .bss.errno     0x20000430        0x4 /Applications/STM32CubeIDE.app/Contents/Eclipse/plugins/com.st.stm32cube.ide.mcu.externaltools.gnu-tools-for-stm32.13.3.rel1.macos64_1.0.100.202509120712/tools/bin/../lib/gcc/arm-none-eabi/13.3.1/../../../../arm-none-eabi/lib/thumb/v7e-m+fp/hard/libc_nano.a(libc_a-reent.o)
                0x20000430                errno
 *(COMMON)
                0x20000434                        . = ALIGN (0x4)
                0x20000434                        _ebss = .
                0x20000434                        __bss_end__ = _ebss

._user_heap_stack
                0x20000434      0x604 load address 0x080062f8
                0x20000438                        . = ALIGN (0x8)
 *fill*         0x20000434        0x4 
                [!provide]                        PROVIDE (end = .)
                0x20000438                        PROVIDE (_end = .)
                0x20000638                        . = (. + _Min_Heap_Size)
 *fill*         0x20000438      0x200 
                0x20000a38                        . = (. + _Min_Stack_Size)
 *fill*         0x20000638      0x400 
                0x20000a38                        . = ALIGN (0x8)

/DISCARD/
 libc.a(*)
 libm.a(*)
 libgcc.a(*)

.ARM.attributes
                0x00000000       0x30
 *(.ARM.attributes)
 .ARM.attributes
                0x00000000       0x22 /Applications/STM32CubeIDE.app/Contents/Eclipse/plugins/com.st.stm32cube.ide.mcu.externaltools.gnu-tools-for-stm32.13.3.rel1.macos64_1.0.100.202509120712/tools/bin/../lib/gcc/arm-none-eabi/13.3.1/thumb/v7e-m+fp/hard/crti.o
 .ARM.attributes
                0x00000022       0x34 /Applications/STM32CubeIDE.app/Contents/Eclipse/plugins/com.st.stm32cube.ide.mcu.externaltools.gnu-tools-for-stm32.13.3.rel1.macos64_1.0.100.202509120712/tools/bin/../lib/gcc/arm-none-eabi/13.3.1/thumb/v7e-m+fp/hard/crtbegin.o
 .ARM.attributes
                0x00000056       0x34 ./Core/Src/elevator.o
 .ARM.attributes
                0x0000008a       0x34 ./Core/Src/gpio.o
 .ARM.attributes
                0x000000be       0x34 ./Core/Src/led.o
 .ARM.attributes
                0x000000f2       0x34 ./Core/Src/main.o
 .ARM.attributes
                0x00000126       0x34 ./Core/Src/segment.o
 .ARM.attributes
                0x0000015a       0x34 ./Core/Src/stepper_t.o
 .ARM.attributes
                0x0000018e       0x34 ./Core/Src/stm32f4xx_hal_msp.o
 .ARM.attributes
                0x000001c2       0x34 ./Core/Src/stm32f4xx_it.o
 .ARM.attributes
                0x000001f6       0x34 ./Core/Src/syscalls.o
 .ARM.attributes
                0x0000022a       0x34 ./Core/Src/sysmem.o
 .ARM.attributes
                0x0000025e       0x34 ./Core/Src/system_stm32f4xx.o
 .ARM.attributes
                0x00000292       0x34 ./Core/Src/tim.o
 .ARM.attributes
                0x000002c6       0x34 ./Core/Src/usart.o
 .ARM.attributes
                0x000002fa       0x21 ./Core/Startup/startup_stm32f411retx.o
 .ARM.attributes
                0x0000031b       0x34 ./Drivers/STM32F4xx_HAL_Driver/Src/stm32f4xx_hal.o
 .ARM.attributes
                0x0000034f       0x34 ./Drivers/STM32F4xx_HAL_Driver/Src/stm32f4xx_hal_cortex.o
 .ARM.attributes
                0x00000383       0x34 ./Drivers/STM32F4xx_HAL_Driver/Src/stm32f4xx_hal_dma.o
 .ARM.attributes
                0x000003b7       0x34 ./Drivers/STM32F4xx_HAL_Driver/Src/stm32f4xx_hal_gpio.o
 .ARM.attributes
                0x000003eb       0x34 ./Drivers/STM32F4xx_HAL_Driver/Src/stm32f4xx_hal_rcc.o
 .ARM.attributes
                0x0000041f       0x34 ./Drivers/STM32F4xx_HAL_Driver/Src/stm32f4xx_hal_tim.o
 .ARM.attributes
                0x00000453       0x34 ./Drivers/STM32F4xx_HAL_Driver/Src/stm32f4xx_hal_tim_ex.o
 .ARM.attributes
                0x00000487       0x34 ./Drivers/STM32F4xx_HAL_Driver/Src/stm32f4xx_hal_uart.o
 .ARM.attributes
                0x000004bb       0x34 /Applications/STM32CubeIDE.app/Contents/Eclipse/plugins/com.st.stm32cube.ide.mcu.externaltools.gnu-tools-for-stm32.13.3.rel1.macos64_1.0.100.202509120712/tools/bin/../lib/gcc/arm-none-eabi/13.3.1/../../../../arm-none-eabi/lib/thumb/v7e-m+fp/hard/libc_nano.a(libc_a-findfp.o)
 .ARM.attributes
                0x000004ef       0x34 /Applications/STM32CubeIDE.app/Contents/Eclipse/plugins/com.st.stm32cube.ide.mcu.externaltools.gnu-tools-for-stm32.13.3.rel1.macos64_1.0.100.202509120712/tools/bin/../lib/gcc/arm-none-eabi/13.3.1/../../../../arm-none-eabi/lib/thumb/v7e-m+fp/hard/libc_nano.a(libc_a-fwalk.o)
 .ARM.attributes
                0x00000523       0x34 /Applications/STM32CubeIDE.app/Contents/Eclipse/plugins/com.st.stm32cube.ide.mcu.externaltools.gnu-tools-for-stm32.13.3.rel1.macos64_1.0.100.202509120712/tools/bin/../lib/gcc/arm-none-eabi/13.3.1/../../../../arm-none-eabi/lib/thumb/v7e-m+fp/hard/libc_nano.a(libc_a-printf.o)
 .ARM.attributes
                0x00000557       0x34 /Applications/STM32CubeIDE.app/Contents/Eclipse/plugins/com.st.stm32cube.ide.mcu.externaltools.gnu-tools-for-stm32.13.3.rel1.macos64_1.0.100.202509120712/tools/bin/../lib/gcc/arm-none-eabi/13.3.1/../../../../arm-none-eabi/lib/thumb/v7e-m+fp/hard/libc_nano.a(libc_a-puts.o)
 .ARM.attributes
                0x0000058b       0x34 /Applications/STM32CubeIDE.app/Contents/Eclipse/plugins/com.st.stm32cube.ide.mcu.externaltools.gnu-tools-for-stm32.13.3.rel1.macos64_1.0.100.202509120712/tools/bin/../lib/gcc/arm-none-eabi/13.3.1/../../../../arm-none-eabi/lib/thumb/v7e-m+fp/hard/libc_nano.a(libc_a-memset.o)
 .ARM.attributes
                0x000005bf       0x34 /Applications/STM32CubeIDE.app/Contents/Eclipse/plugins/com.st.stm32cube.ide.mcu.externaltools.gnu-tools-for-stm32.13.3.rel1.macos64_1.0.100.202509120712/tools/bin/../lib/gcc/arm-none-eabi/13.3.1/../../../../arm-none-eabi/lib/thumb/v7e-m+fp/hard/libc_nano.a(libc_a-errno.o)
 .ARM.attributes
                0x000005f3       0x34 /Applications/STM32CubeIDE.app/Contents/Eclipse/plugins/com.st.stm32cube.ide.mcu.externaltools.gnu-tools-for-stm32.13.3.rel1.macos64_1.0.100.202509120712/tools/bin/../lib/gcc/arm-none-eabi/13.3.1/../../../../arm-none-eabi/lib/thumb/v7e-m+fp/hard/libc_nano.a(libc_a-init.o)
 .ARM.attributes
                0x00000627       0x34 /Applications/STM32CubeIDE.app/Contents/Eclipse/plugins/com.st.stm32cube.ide.mcu.externaltools.gnu-tools-for-stm32.13.3.rel1.macos64_1.0.100.202509120712/tools/bin/../lib/gcc/arm-none-eabi/13.3.1/../../../../arm-none-eabi/lib/thumb/v7e-m+fp/hard/libc_nano.a(libc_a-lock.o)
 .ARM.attributes
                0x0000065b       0x34 /Applications/STM32CubeIDE.app/Contents/Eclipse/plugins/com.st.stm32cube.ide.mcu.externaltools.gnu-tools-for-stm32.13.3.rel1.macos64_1.0.100.202509120712/tools/bin/../lib/gcc/arm-none-eabi/13.3.1/../../../../arm-none-eabi/lib/thumb/v7e-m+fp/hard/libc_nano.a(libc_a-impure.o)
 .ARM.attributes
                0x0000068f       0x34 /Applications/STM32CubeIDE.app/Contents/Eclipse/plugins/com.st.stm32cube.ide.mcu.externaltools.gnu-tools-for-stm32.13.3.rel1.macos64_1.0.100.202509120712/tools/bin/../lib/gcc/arm-none-eabi/13.3.1/../../../../arm-none-eabi/lib/thumb/v7e-m+fp/hard/libc_nano.a(libc_a-nano-vfprintf.o)
 .ARM.attributes
                0x000006c3       0x34 /Applications/STM32CubeIDE.app/Contents/Eclipse/plugins/com.st.stm32cube.ide.mcu.externaltools.gnu-tools-for-stm32.13.3.rel1.macos64_1.0.100.202509120712/tools/bin/../lib/gcc/arm-none-eabi/13.3.1/../../../../arm-none-eabi/lib/thumb/v7e-m+fp/hard/libc_nano.a(libc_a-mallocr.o)
 .ARM.attributes
                0x000006f7       0x34 /Applications/STM32CubeIDE.app/Contents/Eclipse/plugins/com.st.stm32cube.ide.mcu.externaltools.gnu-tools-for-stm32.13.3.rel1.macos64_1.0.100.202509120712/tools/bin/../lib/gcc/arm-none-eabi/13.3.1/../../../../arm-none-eabi/lib/thumb/v7e-m+fp/hard/libc_nano.a(libc_a-nano-vfprintf_i.o)
 .ARM.attributes
                0x0000072b       0x34 /Applications/STM32CubeIDE.app/Contents/Eclipse/plugins/com.st.stm32cube.ide.mcu.externaltools.gnu-tools-for-stm32.13.3.rel1.macos64_1.0.100.202509120712/tools/bin/../lib/gcc/arm-none-eabi/13.3.1/../../../../arm-none-eabi/lib/thumb/v7e-m+fp/hard/libc_nano.a(libc_a-fflush.o)
 .ARM.attributes
                0x0000075f       0x34 /Applications/STM32CubeIDE.app/Contents/Eclipse/plugins/com.st.stm32cube.ide.mcu.externaltools.gnu-tools-for-stm32.13.3.rel1.macos64_1.0.100.202509120712/tools/bin/../lib/gcc/arm-none-eabi/13.3.1/../../../../arm-none-eabi/lib/thumb/v7e-m+fp/hard/libc_nano.a(libc_a-mlock.o)
 .ARM.attributes
                0x00000793       0x34 /Applications/STM32CubeIDE.app/Contents/Eclipse/plugins/com.st.stm32cube.ide.mcu.externaltools.gnu-tools-for-stm32.13.3.rel1.macos64_1.0.100.202509120712/tools/bin/../lib/gcc/arm-none-eabi/13.3.1/../../../../arm-none-eabi/lib/thumb/v7e-m+fp/hard/libc_nano.a(libc_a-stdio.o)
 .ARM.attributes
                0x000007c7       0x34 /Applications/STM32CubeIDE.app/Contents/Eclipse/plugins/com.st.stm32cube.ide.mcu.externaltools.gnu-tools-for-stm32.13.3.rel1.macos64_1.0.100.202509120712/tools/bin/../lib/gcc/arm-none-eabi/13.3.1/../../../../arm-none-eabi/lib/thumb/v7e-m+fp/hard/libc_nano.a(libc_a-wbuf.o)
 .ARM.attributes
                0x000007fb       0x34 /Applications/STM32CubeIDE.app/Contents/Eclipse/plugins/com.st.stm32cube.ide.mcu.externaltools.gnu-tools-for-stm32.13.3.rel1.macos64_1.0.100.202509120712/tools/bin/../lib/gcc/arm-none-eabi/13.3.1/../../../../arm-none-eabi/lib/thumb/v7e-m+fp/hard/libc_nano.a(libc_a-wsetup.o)
 .ARM.attributes
                0x0000082f       0x34 /Applications/STM32CubeIDE.app/Contents/Eclipse/plugins/com.st.stm32cube.ide.mcu.externaltools.gnu-tools-for-stm32.13.3.rel1.macos64_1.0.100.202509120712/tools/bin/../lib/gcc/arm-none-eabi/13.3.1/../../../../arm-none-eabi/lib/thumb/v7e-m+fp/hard/libc_nano.a(libc_a-makebuf.o)
 .ARM.attributes
                0x00000863       0x34 /Applications/STM32CubeIDE.app/Contents/Eclipse/plugins/com.st.stm32cube.ide.mcu.externaltools.gnu-tools-for-stm32.13.3.rel1.macos64_1.0.100.202509120712/tools/bin/../lib/gcc/arm-none-eabi/13.3.1/../../../../arm-none-eabi/lib/thumb/v7e-m+fp/hard/libc_nano.a(libc_a-isattyr.o)
 .ARM.attributes
                0x00000897       0x34 /Applications/STM32CubeIDE.app/Contents/Eclipse/plugins/com.st.stm32cube.ide.mcu.externaltools.gnu-tools-for-stm32.13.3.rel1.macos64_1.0.100.202509120712/tools/bin/../lib/gcc/arm-none-eabi/13.3.1/../../../../arm-none-eabi/lib/thumb/v7e-m+fp/hard/libc_nano.a(libc_a-lseekr.o)
 .ARM.attributes
                0x000008cb       0x34 /Applications/STM32CubeIDE.app/Contents/Eclipse/plugins/com.st.stm32cube.ide.mcu.externaltools.gnu-tools-for-stm32.13.3.rel1.macos64_1.0.100.202509120712/tools/bin/../lib/gcc/arm-none-eabi/13.3.1/../../../../arm-none-eabi/lib/thumb/v7e-m+fp/hard/libc_nano.a(libc_a-readr.o)
 .ARM.attributes
                0x000008ff       0x34 /Applications/STM32CubeIDE.app/Contents/Eclipse/plugins/com.st.stm32cube.ide.mcu.externaltools.gnu-tools-for-stm32.13.3.rel1.macos64_1.0.100.202509120712/tools/bin/../lib/gcc/arm-none-eabi/13.3.1/../../../../arm-none-eabi/lib/thumb/v7e-m+fp/hard/libc_nano.a(libc_a-sbrkr.o)
 .ARM.attributes
                0x00000933       0x34 /Applications/STM32CubeIDE.app/Contents/Eclipse/plugins/com.st.stm32cube.ide.mcu.externaltools.gnu-tools-for-stm32.13.3.rel1.macos64_1.0.100.202509120712/tools/bin/../lib/gcc/arm-none-eabi/13.3.1/../../../../arm-none-eabi/lib/thumb/v7e-m+fp/hard/libc_nano.a(libc_a-writer.o)
 .ARM.attributes
                0x00000967       0x34 /Applications/STM32CubeIDE.app/Contents/Eclipse/plugins/com.st.stm32cube.ide.mcu.externaltools.gnu-tools-for-stm32.13.3.rel1.macos64_1.0.100.202509120712/tools/bin/../lib/gcc/arm-none-eabi/13.3.1/../../../../arm-none-eabi/lib/thumb/v7e-m+fp/hard/libc_nano.a(libc_a-closer.o)
 .ARM.attributes
                0x0000099b       0x34 /Applications/STM32CubeIDE.app/Contents/Eclipse/plugins/com.st.stm32cube.ide.mcu.externaltools.gnu-tools-for-stm32.13.3.rel1.macos64_1.0.100.202509120712/tools/bin/../lib/gcc/arm-none-eabi/13.3.1/../../../../arm-none-eabi/lib/thumb/v7e-m+fp/hard/libc_nano.a(libc_a-reent.o)
 .ARM.attributes
                0x000009cf       0x34 /Applications/STM32CubeIDE.app/Contents/Eclipse/plugins/com.st.stm32cube.ide.mcu.externaltools.gnu-tools-for-stm32.13.3.rel1.macos64_1.0.100.202509120712/tools/bin/../lib/gcc/arm-none-eabi/13.3.1/../../../../arm-none-eabi/lib/thumb/v7e-m+fp/hard/libc_nano.a(libc_a-fstatr.o)
 .ARM.attributes
                0x00000a03       0x1c /Applications/STM32CubeIDE.app/Contents/Eclipse/plugins/com.st.stm32cube.ide.mcu.externaltools.gnu-tools-for-stm32.13.3.rel1.macos64_1.0.100.202509120712/tools/bin/../lib/gcc/arm-none-eabi/13.3.1/../../../../arm-none-eabi/lib/thumb/v7e-m+fp/hard/libc_nano.a(libc_a-memchr.o)
 .ARM.attributes
                0x00000a1f       0x34 /Applications/STM32CubeIDE.app/Contents/Eclipse/plugins/com.st.stm32cube.ide.mcu.externaltools.gnu-tools-for-stm32.13.3.rel1.macos64_1.0.100.202509120712/tools/bin/../lib/gcc/arm-none-eabi/13.3.1/../../../../arm-none-eabi/lib/thumb/v7e-m+fp/hard/libc_nano.a(libc_a-freer.o)
 .ARM.attributes
                0x00000a53       0x22 /Applications/STM32CubeIDE.app/Contents/Eclipse/plugins/com.st.stm32cube.ide.mcu.externaltools.gnu-tools-for-stm32.13.3.rel1.macos64_1.0.100.202509120712/tools/bin/../lib/gcc/arm-none-eabi/13.3.1/thumb/v7e-m+fp/hard/libgcc.a(_aeabi_uldivmod.o)
 .ARM.attributes
                0x00000a75       0x34 /Applications/STM32CubeIDE.app/Contents/Eclipse/plugins/com.st.stm32cube.ide.mcu.externaltools.gnu-tools-for-stm32.13.3.rel1.macos64_1.0.100.202509120712/tools/bin/../lib/gcc/arm-none-eabi/13.3.1/thumb/v7e-m+fp/hard/libgcc.a(_udivmoddi4.o)
 .ARM.attributes
                0x00000aa9       0x22 /Applications/STM32CubeIDE.app/Contents/Eclipse/plugins/com.st.stm32cube.ide.mcu.externaltools.gnu-tools-for-stm32.13.3.rel1.macos64_1.0.100.202509120712/tools/bin/../lib/gcc/arm-none-eabi/13.3.1/thumb/v7e-m+fp/hard/libgcc.a(_dvmd_tls.o)
 .ARM.attributes
                0x00000acb       0x22 /Applications/STM32CubeIDE.app/Contents/Eclipse/plugins/com.st.stm32cube.ide.mcu.externaltools.gnu-tools-for-stm32.13.3.rel1.macos64_1.0.100.202509120712/tools/bin/../lib/gcc/arm-none-eabi/13.3.1/thumb/v7e-m+fp/hard/crtn.o
OUTPUT(ELEVATOR_04.elf elf32-littlearm)
LOAD linker stubs
LOAD /Applications/STM32CubeIDE.app/Contents/Eclipse/plugins/com.st.stm32cube.ide.mcu.externaltools.gnu-tools-for-stm32.13.3.rel1.macos64_1.0.100.202509120712/tools/bin/../lib/gcc/arm-none-eabi/13.3.1/../../../../arm-none-eabi/lib/thumb/v7e-m+fp/hard/libc.a
LOAD /Applications/STM32CubeIDE.app/Contents/Eclipse/plugins/com.st.stm32cube.ide.mcu.externaltools.gnu-tools-for-stm32.13.3.rel1.macos64_1.0.100.202509120712/tools/bin/../lib/gcc/arm-none-eabi/13.3.1/../../../../arm-none-eabi/lib/thumb/v7e-m+fp/hard/libm.a
LOAD /Applications/STM32CubeIDE.app/Contents/Eclipse/plugins/com.st.stm32cube.ide.mcu.externaltools.gnu-tools-for-stm32.13.3.rel1.macos64_1.0.100.202509120712/tools/bin/../lib/gcc/arm-none-eabi/13.3.1/thumb/v7e-m+fp/hard/libgcc.a

.debug_info     0x00000000    0x106f6
 .debug_info    0x00000000      0xe83 ./Core/Src/elevator.o
 .debug_info    0x00000e83      0x618 ./Core/Src/gpio.o
 .debug_info    0x0000149b      0x420 ./Core/Src/led.o
 .debug_info    0x000018bb     0x1288 ./Core/Src/main.o
 .debug_info    0x00002b43      0x202 ./Core/Src/segment.o
 .debug_info    0x00002d45      0x9e6 ./Core/Src/stepper_t.o
 .debug_info    0x0000372b      0x291 ./Core/Src/stm32f4xx_hal_msp.o
 .debug_info    0x000039bc      0x9f4 ./Core/Src/stm32f4xx_it.o
 .debug_info    0x000043b0      0x6a3 ./Core/Src/syscalls.o
 .debug_info    0x00004a53      0x168 ./Core/Src/sysmem.o
 .debug_info    0x00004bbb      0x53e ./Core/Src/system_stm32f4xx.o
 .debug_info    0x000050f9      0xe3c ./Core/Src/tim.o
 .debug_info    0x00005f35      0xb2e ./Core/Src/usart.o
 .debug_info    0x00006a63       0x30 ./Core/Startup/startup_stm32f411retx.o
 .debug_info    0x00006a93      0x8c4 ./Drivers/STM32F4xx_HAL_Driver/Src/stm32f4xx_hal.o
 .debug_info    0x00007357      0xcfc ./Drivers/STM32F4xx_HAL_Driver/Src/stm32f4xx_hal_cortex.o
 .debug_info    0x00008053      0x8e6 ./Drivers/STM32F4xx_HAL_Driver/Src/stm32f4xx_hal_dma.o
 .debug_info    0x00008939      0x6f9 ./Drivers/STM32F4xx_HAL_Driver/Src/stm32f4xx_hal_gpio.o
 .debug_info    0x00009032      0x904 ./Drivers/STM32F4xx_HAL_Driver/Src/stm32f4xx_hal_rcc.o
 .debug_info    0x00009936     0x2996 ./Drivers/STM32F4xx_HAL_Driver/Src/stm32f4xx_hal_tim.o
 .debug_info    0x0000c2cc     0x14d4 ./Drivers/STM32F4xx_HAL_Driver/Src/stm32f4xx_hal_tim_ex.o
 .debug_info    0x0000d7a0     0x2f56 ./Drivers/STM32F4xx_HAL_Driver/Src/stm32f4xx_hal_uart.o

.debug_abbrev   0x00000000     0x2bae
 .debug_abbrev  0x00000000      0x331 ./Core/Src/elevator.o
 .debug_abbrev  0x00000331      0x173 ./Core/Src/gpio.o
 .debug_abbrev  0x000004a4      0x1b3 ./Core/Src/led.o
 .debug_abbrev  0x00000657      0x31a ./Core/Src/main.o
 .debug_abbrev  0x00000971      0x11c ./Core/Src/segment.o
 .debug_abbrev  0x00000a8d      0x20c ./Core/Src/stepper_t.o
 .debug_abbrev  0x00000c99       0xd8 ./Core/Src/stm32f4xx_hal_msp.o
 .debug_abbrev  0x00000d71      0x1df ./Core/Src/stm32f4xx_it.o
 .debug_abbrev  0x00000f50      0x1b6 ./Core/Src/syscalls.o
 .debug_abbrev  0x00001106       0xbc ./Core/Src/sysmem.o
 .debug_abbrev  0x000011c2      0x11a ./Core/Src/system_stm32f4xx.o
 .debug_abbrev  0x000012dc      0x249 ./Core/Src/tim.o
 .debug_abbrev  0x00001525      0x217 ./Core/Src/usart.o
 .debug_abbrev  0x0000173c       0x24 ./Core/Startup/startup_stm32f411retx.o
 .debug_abbrev  0x00001760      0x24b ./Drivers/STM32F4xx_HAL_Driver/Src/stm32f4xx_hal.o
 .debug_abbrev  0x000019ab      0x31d ./Drivers/STM32F4xx_HAL_Driver/Src/stm32f4xx_hal_cortex.o
 .debug_abbrev  0x00001cc8      0x221 ./Drivers/STM32F4xx_HAL_Driver/Src/stm32f4xx_hal_dma.o
 .debug_abbrev  0x00001ee9      0x1d3 ./Drivers/STM32F4xx_HAL_Driver/Src/stm32f4xx_hal_gpio.o
 .debug_abbrev  0x000020bc      0x2b6 ./Drivers/STM32F4xx_HAL_Driver/Src/stm32f4xx_hal_rcc.o
 .debug_abbrev  0x00002372      0x28b ./Drivers/STM32F4xx_HAL_Driver/Src/stm32f4xx_hal_tim.o
 .debug_abbrev  0x000025fd      0x296 ./Drivers/STM32F4xx_HAL_Driver/Src/stm32f4xx_hal_tim_ex.o
 .debug_abbrev  0x00002893      0x31b ./Drivers/STM32F4xx_HAL_Driver/Src/stm32f4xx_hal_uart.o

.debug_aranges  0x00000000      0xec0
 .debug_aranges
                0x00000000       0x70 ./Core/Src/elevator.o
 .debug_aranges
                0x00000070       0x20 ./Core/Src/gpio.o
 .debug_aranges
                0x00000090       0x60 ./Core/Src/led.o
 .debug_aranges
                0x000000f0       0x50 ./Core/Src/main.o
 .debug_aranges
                0x00000140       0x20 ./Core/Src/segment.o
 .debug_aranges
                0x00000160       0x50 ./Core/Src/stepper_t.o
 .debug_aranges
                0x000001b0       0x20 ./Core/Src/stm32f4xx_hal_msp.o
 .debug_aranges
                0x000001d0       0x98 ./Core/Src/stm32f4xx_it.o
 .debug_aranges
                0x00000268       0xa8 ./Core/Src/syscalls.o
 .debug_aranges
                0x00000310       0x20 ./Core/Src/sysmem.o
 .debug_aranges
                0x00000330       0x28 ./Core/Src/system_stm32f4xx.o
 .debug_aranges
                0x00000358       0x40 ./Core/Src/tim.o
 .debug_aranges
                0x00000398       0x30 ./Core/Src/usart.o
 .debug_aranges
                0x000003c8       0x28 ./Core/Startup/startup_stm32f411retx.o
 .debug_aranges
                0x000003f0       0xf0 ./Drivers/STM32F4xx_HAL_Driver/Src/stm32f4xx_hal.o
 .debug_aranges
                0x000004e0      0x130 ./Drivers/STM32F4xx_HAL_Driver/Src/stm32f4xx_hal_cortex.o
 .debug_aranges
                0x00000610       0x90 ./Drivers/STM32F4xx_HAL_Driver/Src/stm32f4xx_hal_dma.o
 .debug_aranges
                0x000006a0       0x58 ./Drivers/STM32F4xx_HAL_Driver/Src/stm32f4xx_hal_gpio.o
 .debug_aranges
                0x000006f8       0x88 ./Drivers/STM32F4xx_HAL_Driver/Src/stm32f4xx_hal_rcc.o
 .debug_aranges
                0x00000780      0x3d0 ./Drivers/STM32F4xx_HAL_Driver/Src/stm32f4xx_hal_tim.o
 .debug_aranges
                0x00000b50      0x168 ./Drivers/STM32F4xx_HAL_Driver/Src/stm32f4xx_hal_tim_ex.o
 .debug_aranges
                0x00000cb8      0x208 ./Drivers/STM32F4xx_HAL_Driver/Src/stm32f4xx_hal_uart.o

.debug_rnglists
                0x00000000      0xb61
 .debug_rnglists
                0x00000000       0x57 ./Core/Src/elevator.o
 .debug_rnglists
                0x00000057       0x14 ./Core/Src/gpio.o
 .debug_rnglists
                0x0000006b       0x44 ./Core/Src/led.o
 .debug_rnglists
                0x000000af       0x3a ./Core/Src/main.o
 .debug_rnglists
                0x000000e9       0x14 ./Core/Src/segment.o
 .debug_rnglists
                0x000000fd       0x38 ./Core/Src/stepper_t.o
 .debug_rnglists
                0x00000135       0x13 ./Core/Src/stm32f4xx_hal_msp.o
 .debug_rnglists
                0x00000148       0x6d ./Core/Src/stm32f4xx_it.o
 .debug_rnglists
                0x000001b5       0x79 ./Core/Src/syscalls.o
 .debug_rnglists
                0x0000022e       0x13 ./Core/Src/sysmem.o
 .debug_rnglists
                0x00000241       0x1a ./Core/Src/system_stm32f4xx.o
 .debug_rnglists
                0x0000025b       0x2e ./Core/Src/tim.o
 .debug_rnglists
                0x00000289       0x20 ./Core/Src/usart.o
 .debug_rnglists
                0x000002a9       0x19 ./Core/Startup/startup_stm32f411retx.o
 .debug_rnglists
                0x000002c2       0xaf ./Drivers/STM32F4xx_HAL_Driver/Src/stm32f4xx_hal.o
 .debug_rnglists
                0x00000371       0xe0 ./Drivers/STM32F4xx_HAL_Driver/Src/stm32f4xx_hal_cortex.o
 .debug_rnglists
                0x00000451       0x70 ./Drivers/STM32F4xx_HAL_Driver/Src/stm32f4xx_hal_dma.o
 .debug_rnglists
                0x000004c1       0x3f ./Drivers/STM32F4xx_HAL_Driver/Src/stm32f4xx_hal_gpio.o
 .debug_rnglists
                0x00000500       0x66 ./Drivers/STM32F4xx_HAL_Driver/Src/stm32f4xx_hal_rcc.o
 .debug_rnglists
                0x00000566      0x31a ./Drivers/STM32F4xx_HAL_Driver/Src/stm32f4xx_hal_tim.o
 .debug_rnglists
                0x00000880      0x125 ./Drivers/STM32F4xx_HAL_Driver/Src/stm32f4xx_hal_tim_ex.o
 .debug_rnglists
                0x000009a5      0x1bc ./Drivers/STM32F4xx_HAL_Driver/Src/stm32f4xx_hal_uart.o

.debug_macro    0x00000000    0x180e3
 .debug_macro   0x00000000      0x1f9 ./Core/Src/elevator.o
 .debug_macro   0x000001f9      0xad8 ./Core/Src/elevator.o
 .debug_macro   0x00000cd1      0x29b ./Core/Src/elevator.o
 .debug_macro   0x00000f6c       0x2e ./Core/Src/elevator.o
 .debug_macro   0x00000f9a       0x28 ./Core/Src/elevator.o
 .debug_macro   0x00000fc2       0x22 ./Core/Src/elevator.o
 .debug_macro   0x00000fe4       0x8e ./Core/Src/elevator.o
 .debug_macro   0x00001072       0x51 ./Core/Src/elevator.o
 .debug_macro   0x000010c3      0x103 ./Core/Src/elevator.o
 .debug_macro   0x000011c6       0x6a ./Core/Src/elevator.o
 .debug_macro   0x00001230      0x1df ./Core/Src/elevator.o
 .debug_macro   0x0000140f       0x1c ./Core/Src/elevator.o
 .debug_macro   0x0000142b       0x22 ./Core/Src/elevator.o
 .debug_macro   0x0000144d       0xfb ./Core/Src/elevator.o
 .debug_macro   0x00001548     0x1011 ./Core/Src/elevator.o
 .debug_macro   0x00002559      0x11f ./Core/Src/elevator.o
 .debug_macro   0x00002678     0xb968 ./Core/Src/elevator.o
 .debug_macro   0x0000dfe0       0x6d ./Core/Src/elevator.o
 .debug_macro   0x0000e04d     0x3693 ./Core/Src/elevator.o
 .debug_macro   0x000116e0      0x190 ./Core/Src/elevator.o
 .debug_macro   0x00011870       0x5c ./Core/Src/elevator.o
 .debug_macro   0x000118cc      0x45c ./Core/Src/elevator.o
 .debug_macro   0x00011d28      0x9e9 ./Core/Src/elevator.o
 .debug_macro   0x00012711      0x115 ./Core/Src/elevator.o
 .debug_macro   0x00012826      0x11b ./Core/Src/elevator.o
 .debug_macro   0x00012941       0xa5 ./Core/Src/elevator.o
 .debug_macro   0x000129e6      0x15f ./Core/Src/elevator.o
 .debug_macro   0x00012b45      0x287 ./Core/Src/elevator.o
 .debug_macro   0x00012dcc       0x5f ./Core/Src/elevator.o
 .debug_macro   0x00012e2b      0x236 ./Core/Src/elevator.o
 .debug_macro   0x00013061      0x132 ./Core/Src/elevator.o
 .debug_macro   0x00013193      0x264 ./Core/Src/elevator.o
 .debug_macro   0x000133f7       0x2e ./Core/Src/elevator.o
 .debug_macro   0x00013425      0x127 ./Core/Src/elevator.o
 .debug_macro   0x0001354c       0x85 ./Core/Src/elevator.o
 .debug_macro   0x000135d1       0x89 ./Core/Src/elevator.o
 .debug_macro   0x0001365a      0x8ed ./Core/Src/elevator.o
 .debug_macro   0x00013f47       0x47 ./Core/Src/elevator.o
 .debug_macro   0x00013f8e      0x2aa ./Core/Src/elevator.o
 .debug_macro   0x00014238      0x126 ./Core/Src/elevator.o
 .debug_macro   0x0001435e       0x16 ./Core/Src/elevator.o
 .debug_macro   0x00014374       0x22 ./Core/Src/elevator.o
 .debug_macro   0x00014396       0x10 ./Core/Src/elevator.o
 .debug_macro   0x000143a6      0x1e2 ./Core/Src/gpio.o
 .debug_macro   0x00014588      0x1d8 ./Core/Src/led.o
 .debug_macro   0x00014760      0x30a ./Core/Src/main.o
 .debug_macro   0x00014a6a       0x61 ./Core/Src/main.o
 .debug_macro   0x00014acb       0x2a ./Core/Src/main.o
 .debug_macro   0x00014af5       0x43 ./Core/Src/main.o
 .debug_macro   0x00014b38       0x34 ./Core/Src/main.o
 .debug_macro   0x00014b6c       0x16 ./Core/Src/main.o
 .debug_macro   0x00014b82       0x3c ./Core/Src/main.o
 .debug_macro   0x00014bbe      0x370 ./Core/Src/main.o
 .debug_macro   0x00014f2e       0x10 ./Core/Src/main.o
 .debug_macro   0x00014f3e       0x16 ./Core/Src/main.o
 .debug_macro   0x00014f54       0x4a ./Core/Src/main.o
 .debug_macro   0x00014f9e       0x34 ./Core/Src/main.o
 .debug_macro   0x00014fd2       0x10 ./Core/Src/main.o
 .debug_macro   0x00014fe2       0x58 ./Core/Src/main.o
 .debug_macro   0x0001503a       0x8e ./Core/Src/main.o
 .debug_macro   0x000150c8       0x1c ./Core/Src/main.o
 .debug_macro   0x000150e4      0x185 ./Core/Src/main.o
 .debug_macro   0x00015269       0x16 ./Core/Src/main.o
 .debug_macro   0x0001527f       0x16 ./Core/Src/main.o
 .debug_macro   0x00015295      0x146 ./Core/Src/main.o
 .debug_macro   0x000153db       0x5e ./Core/Src/main.o
 .debug_macro   0x00015439      0x1dd ./Core/Src/segment.o
 .debug_macro   0x00015616       0x58 ./Core/Src/segment.o
 .debug_macro   0x0001566e      0x213 ./Core/Src/stepper_t.o
 .debug_macro   0x00015881       0x10 ./Core/Src/stepper_t.o
 .debug_macro   0x00015891      0x1d8 ./Core/Src/stm32f4xx_hal_msp.o
 .debug_macro   0x00015a69      0x1e2 ./Core/Src/stm32f4xx_it.o
 .debug_macro   0x00015c4b      0x274 ./Core/Src/syscalls.o
 .debug_macro   0x00015ebf       0x5b ./Core/Src/syscalls.o
 .debug_macro   0x00015f1a       0x94 ./Core/Src/syscalls.o
 .debug_macro   0x00015fae       0x57 ./Core/Src/syscalls.o
 .debug_macro   0x00016005       0x10 ./Core/Src/syscalls.o
 .debug_macro   0x00016015       0x10 ./Core/Src/syscalls.o
 .debug_macro   0x00016025       0x10 ./Core/Src/syscalls.o
 .debug_macro   0x00016035       0x10 ./Core/Src/syscalls.o
 .debug_macro   0x00016045       0x1c ./Core/Src/syscalls.o
 .debug_macro   0x00016061       0x52 ./Core/Src/syscalls.o
 .debug_macro   0x000160b3       0x22 ./Core/Src/syscalls.o
 .debug_macro   0x000160d5       0x10 ./Core/Src/syscalls.o
 .debug_macro   0x000160e5       0x52 ./Core/Src/syscalls.o
 .debug_macro   0x00016137       0xcf ./Core/Src/syscalls.o
 .debug_macro   0x00016206       0x1c ./Core/Src/syscalls.o
 .debug_macro   0x00016222       0x3d ./Core/Src/syscalls.o
 .debug_macro   0x0001625f       0x35 ./Core/Src/syscalls.o
 .debug_macro   0x00016294      0x12c ./Core/Src/syscalls.o
 .debug_macro   0x000163c0       0x16 ./Core/Src/syscalls.o
 .debug_macro   0x000163d6       0x16 ./Core/Src/syscalls.o
 .debug_macro   0x000163ec       0x29 ./Core/Src/syscalls.o
 .debug_macro   0x00016415       0x10 ./Core/Src/syscalls.o
 .debug_macro   0x00016425      0x242 ./Core/Src/syscalls.o
 .debug_macro   0x00016667       0x1c ./Core/Src/syscalls.o
 .debug_macro   0x00016683       0x10 ./Core/Src/syscalls.o
 .debug_macro   0x00016693      0x18a ./Core/Src/syscalls.o
 .debug_macro   0x0001681d       0x16 ./Core/Src/syscalls.o
 .debug_macro   0x00016833       0xce ./Core/Src/syscalls.o
 .debug_macro   0x00016901      0x112 ./Core/Src/sysmem.o
 .debug_macro   0x00016a13      0x23c ./Core/Src/sysmem.o
 .debug_macro   0x00016c4f      0x1ce ./Core/Src/system_stm32f4xx.o
 .debug_macro   0x00016e1d      0x1e2 ./Core/Src/tim.o
 .debug_macro   0x00016fff      0x1e2 ./Core/Src/usart.o
 .debug_macro   0x000171e1      0x22e ./Drivers/STM32F4xx_HAL_Driver/Src/stm32f4xx_hal.o
 .debug_macro   0x0001740f      0x1ce ./Drivers/STM32F4xx_HAL_Driver/Src/stm32f4xx_hal_cortex.o
 .debug_macro   0x000175dd      0x1d4 ./Drivers/STM32F4xx_HAL_Driver/Src/stm32f4xx_hal_dma.o
 .debug_macro   0x000177b1      0x1d4 ./Drivers/STM32F4xx_HAL_Driver/Src/stm32f4xx_hal_gpio.o
 .debug_macro   0x00017985      0x1f2 ./Drivers/STM32F4xx_HAL_Driver/Src/stm32f4xx_hal_rcc.o
 .debug_macro   0x00017b77      0x1cf ./Drivers/STM32F4xx_HAL_Driver/Src/stm32f4xx_hal_tim.o
 .debug_macro   0x00017d46      0x1ce ./Drivers/STM32F4xx_HAL_Driver/Src/stm32f4xx_hal_tim_ex.o
 .debug_macro   0x00017f14      0x1cf ./Drivers/STM32F4xx_HAL_Driver/Src/stm32f4xx_hal_uart.o

.debug_line     0x00000000    0x11c22
 .debug_line    0x00000000      0xd74 ./Core/Src/elevator.o
 .debug_line    0x00000d74      0x754 ./Core/Src/gpio.o
 .debug_line    0x000014c8      0x88b ./Core/Src/led.o
 .debug_line    0x00001d53      0xa9e ./Core/Src/main.o
 .debug_line    0x000027f1      0x712 ./Core/Src/segment.o
 .debug_line    0x00002f03      0x85c ./Core/Src/stepper_t.o
 .debug_line    0x0000375f      0x6e3 ./Core/Src/stm32f4xx_hal_msp.o
 .debug_line    0x00003e42      0x83a ./Core/Src/stm32f4xx_it.o
 .debug_line    0x0000467c      0x7e6 ./Core/Src/syscalls.o
 .debug_line    0x00004e62      0x4c2 ./Core/Src/sysmem.o
 .debug_line    0x00005324      0x759 ./Core/Src/system_stm32f4xx.o
 .debug_line    0x00005a7d      0x846 ./Core/Src/tim.o
 .debug_line    0x000062c3      0x754 ./Core/Src/usart.o
 .debug_line    0x00006a17       0x7a ./Core/Startup/startup_stm32f411retx.o
 .debug_line    0x00006a91      0x9d5 ./Drivers/STM32F4xx_HAL_Driver/Src/stm32f4xx_hal.o
 .debug_line    0x00007466      0xca5 ./Drivers/STM32F4xx_HAL_Driver/Src/stm32f4xx_hal_cortex.o
 .debug_line    0x0000810b      0xf41 ./Drivers/STM32F4xx_HAL_Driver/Src/stm32f4xx_hal_dma.o
 .debug_line    0x0000904c      0xaf1 ./Drivers/STM32F4xx_HAL_Driver/Src/stm32f4xx_hal_gpio.o
 .debug_line    0x00009b3d      0xde4 ./Drivers/STM32F4xx_HAL_Driver/Src/stm32f4xx_hal_rcc.o
 .debug_line    0x0000a921     0x3514 ./Drivers/STM32F4xx_HAL_Driver/Src/stm32f4xx_hal_tim.o
 .debug_line    0x0000de35     0x18d0 ./Drivers/STM32F4xx_HAL_Driver/Src/stm32f4xx_hal_tim_ex.o
 .debug_line    0x0000f705     0x251d ./Drivers/STM32F4xx_HAL_Driver/Src/stm32f4xx_hal_uart.o

.debug_str      0x00000000    0x907c8
 .debug_str     0x00000000    0x907c8 ./Core/Src/elevator.o
                              0x87814 (size before relaxing)
 .debug_str     0x000907c8        0x0 ./Core/Src/gpio.o
                              0x875c6 (size before relaxing)
 .debug_str     0x000907c8        0x0 ./Core/Src/led.o
                              0x871c6 (size before relaxing)
 .debug_str     0x000907c8        0x0 ./Core/Src/main.o
                              0x8b65d (size before relaxing)
 .debug_str     0x000907c8        0x0 ./Core/Src/segment.o
                              0x871cc (size before relaxing)
 .debug_str     0x000907c8        0x0 ./Core/Src/stepper_t.o
                              0x8781c (size before relaxing)
 .debug_str     0x000907c8        0x0 ./Core/Src/stm32f4xx_hal_msp.o
                              0x87133 (size before relaxing)
 .debug_str     0x000907c8        0x0 ./Core/Src/stm32f4xx_it.o
                              0x878d4 (size before relaxing)
 .debug_str     0x000907c8        0x0 ./Core/Src/syscalls.o
                               0x99e4 (size before relaxing)
 .debug_str     0x000907c8        0x0 ./Core/Src/sysmem.o
                               0x7782 (size before relaxing)
 .debug_str     0x000907c8        0x0 ./Core/Src/system_stm32f4xx.o
                              0x871e3 (size before relaxing)
 .debug_str     0x000907c8        0x0 ./Core/Src/tim.o
                              0x87cf8 (size before relaxing)
 .debug_str     0x000907c8        0x0 ./Core/Src/usart.o
                              0x87a97 (size before relaxing)
 .debug_str     0x000907c8        0x0 ./Core/Startup/startup_stm32f411retx.o
                                 0x84 (size before relaxing)
 .debug_str     0x000907c8        0x0 ./Drivers/STM32F4xx_HAL_Driver/Src/stm32f4xx_hal.o
                              0x87c0f (size before relaxing)
 .debug_str     0x000907c8        0x0 ./Drivers/STM32F4xx_HAL_Driver/Src/stm32f4xx_hal_cortex.o
                              0x87979 (size before relaxing)
 .debug_str     0x000907c8        0x0 ./Drivers/STM32F4xx_HAL_Driver/Src/stm32f4xx_hal_dma.o